2025-11-02 06:36:22,151 WARNING database DDL Query made to DB:
create table `tabCRM Lead` (
			name varchar(140) primary key,
			creation datetime(6),
			modified datetime(6),
			modified_by varchar(140),
			owner varchar(140),
			docstatus int(1) not null default '0',
			idx int(8) not null default '0',
			`organization` varchar(140),
`website` varchar(140),
`territory` varchar(140),
`industry` varchar(140),
`job_title` varchar(140),
`source` varchar(140),
`lead_owner` varchar(140),
`salutation` varchar(140),
`first_name` varchar(140),
`last_name` varchar(140),
`email` varchar(140),
`mobile_no` varchar(140),
`naming_series` varchar(140) default 'CRM-LEAD-.YYYY.-',
`lead_name` varchar(140),
`middle_name` varchar(140),
`gender` varchar(140),
`phone` varchar(140),
`status` varchar(140) default 'New',
`no_of_employees` varchar(140),
`annual_revenue` decimal(21,9) not null default 0,
`image` text,
`converted` int(1) not null default 0,
`total` decimal(21,9) not null default 0,
`net_total` decimal(21,9) not null default 0,
`sla` varchar(140),
`sla_creation` datetime(6),
`sla_status` varchar(140),
`communication_status` varchar(140) default 'Open',
`response_by` datetime(6),
`first_response_time` decimal(21,9),
`first_responded_on` datetime(6),
`_user_tags` text,
`_comments` text,
`_assign` text,
`_liked_by` text,
index `email`(`email`),
index `lead_name`(`lead_name`),
index `status`(`status`),
index modified(modified))
			ENGINE=InnoDB
			ROW_FORMAT=DYNAMIC
			CHARACTER SET=utf8mb4
			COLLATE=utf8mb4_unicode_ci
2025-11-02 06:36:22,763 WARNING database DDL Query made to DB:
ALTER TABLE `tabEmail Template` ADD COLUMN `enabled` int(1) not null default 0, ADD COLUMN `reference_doctype` varchar(140)
2025-11-02 06:36:23,018 WARNING database DDL Query made to DB:
ALTER TABLE `tabAssignment Rule` ADD COLUMN `assign_condition_json` longtext, ADD COLUMN `unassign_condition_json` longtext
2025-11-02 07:42:48,139 WARNING database DDL Query made to DB:
create table `tabInsights Data Source v3` (
			name varchar(140) primary key,
			creation datetime(6),
			modified datetime(6),
			modified_by varchar(140),
			owner varchar(140),
			docstatus int(1) not null default '0',
			idx int(8) not null default '0',
			`title` varchar(140),
`status` varchar(140),
`database_type` varchar(140),
`host` varchar(140),
`port` int(11) not null default 0,
`use_ssl` int(1) not null default 0,
`is_site_db` int(1) not null default 0,
`is_frappe_db` int(1) not null default 0,
`enable_stored_procedure_execution` int(1) not null default 0,
`is_ducklake` int(1) not null default 0,
`database_name` varchar(140),
`schema` varchar(140),
`username` varchar(140),
`password` text,
`bigquery_project_id` varchar(140),
`bigquery_dataset_id` varchar(140),
`bigquery_service_account_key` json,
`http_headers` json,
`connection_string` text,
`_user_tags` text,
`_comments` text,
`_assign` text,
`_liked_by` text,
index modified(modified))
			ENGINE=InnoDB
			ROW_FORMAT=DYNAMIC
			CHARACTER SET=utf8mb4
			COLLATE=utf8mb4_unicode_ci
2025-11-02 07:42:48,747 WARNING database DDL Query made to DB:
create table `tabInsights Notebook` (
			name varchar(140) primary key,
			creation datetime(6),
			modified datetime(6),
			modified_by varchar(140),
			owner varchar(140),
			docstatus int(1) not null default '0',
			idx int(8) not null default '0',
			`title` varchar(140),
`_user_tags` text,
`_comments` text,
`_assign` text,
`_liked_by` text,
index modified(modified))
			ENGINE=InnoDB
			ROW_FORMAT=DYNAMIC
			CHARACTER SET=utf8mb4
			COLLATE=utf8mb4_unicode_ci
2025-11-02 07:42:48,798 WARNING database DDL Query made to DB:
create table `tabInsights Table Import` (
			name varchar(140) primary key,
			creation datetime(6),
			modified datetime(6),
			modified_by varchar(140),
			owner varchar(140),
			docstatus int(1) not null default '0',
			idx int(8) not null default '0',
			`table_label` varchar(140),
`table_name` varchar(140),
`if_exists` varchar(140) default 'Fail',
`data_source` varchar(140),
`source` text,
`status` varchar(140) default 'Draft',
`rows` int(11) not null default 0,
`error` text,
`amended_from` varchar(140),
`_user_tags` text,
`_comments` text,
`_assign` text,
`_liked_by` text,
index modified(modified))
			ENGINE=InnoDB
			ROW_FORMAT=DYNAMIC
			CHARACTER SET=utf8mb4
			COLLATE=utf8mb4_unicode_ci
2025-11-02 07:42:48,853 WARNING database DDL Query made to DB:
create table `tabInsights Folder` (
			name varchar(140) primary key,
			creation datetime(6),
			modified datetime(6),
			modified_by varchar(140),
			owner varchar(140),
			docstatus int(1) not null default '0',
			idx int(8) not null default '0',
			`title` varchar(140),
`workbook` varchar(140),
`type` varchar(140),
`sort_order` int(11) not null default 0,
`is_expanded` int(1) not null default 1,
`_user_tags` text,
`_comments` text,
`_assign` text,
`_liked_by` text,
index `workbook`(`workbook`),
index modified(modified))
			ENGINE=InnoDB
			ROW_FORMAT=DYNAMIC
			CHARACTER SET=utf8mb4
			COLLATE=utf8mb4_unicode_ci
2025-11-02 07:42:48,905 WARNING database DDL Query made to DB:
create sequence if not exists insights_resource_permission_id_seq nocache nocycle
2025-11-02 07:42:48,926 WARNING database DDL Query made to DB:
create table `tabInsights Resource Permission` (
			name bigint primary key,
			creation datetime(6),
			modified datetime(6),
			modified_by varchar(140),
			owner varchar(140),
			docstatus int(1) not null default '0',
			idx int(8) not null default '0',
			`resource_type` varchar(140),
`resource_name` varchar(140),
`table_restrictions` varchar(140),
parent varchar(140),
parentfield varchar(140),
parenttype varchar(140),
index parent(parent))
			ENGINE=InnoDB
			ROW_FORMAT=DYNAMIC
			CHARACTER SET=utf8mb4
			COLLATE=utf8mb4_unicode_ci
2025-11-02 07:42:48,975 WARNING database DDL Query made to DB:
create table `tabInsights Query Chart` (
			name varchar(140) primary key,
			creation datetime(6),
			modified datetime(6),
			modified_by varchar(140),
			owner varchar(140),
			docstatus int(1) not null default '0',
			idx int(8) not null default '0',
			`query` varchar(140),
`title` varchar(140),
`type` varchar(140),
`config` json,
`_user_tags` text,
`_comments` text,
`_assign` text,
`_liked_by` text,
index modified(modified))
			ENGINE=InnoDB
			ROW_FORMAT=DYNAMIC
			CHARACTER SET=utf8mb4
			COLLATE=utf8mb4_unicode_ci
2025-11-02 07:42:49,021 WARNING database DDL Query made to DB:
create table `tabInsights Table Link` (
			name varchar(140) primary key,
			creation datetime(6),
			modified datetime(6),
			modified_by varchar(140),
			owner varchar(140),
			docstatus int(1) not null default '0',
			idx int(8) not null default '0',
			`foreign_table` varchar(140),
`foreign_table_label` varchar(140),
`cardinality` varchar(140) default '1:1',
`primary_key` varchar(140),
`foreign_key` varchar(140),
parent varchar(140),
parentfield varchar(140),
parenttype varchar(140),
index parent(parent))
			ENGINE=InnoDB
			ROW_FORMAT=DYNAMIC
			CHARACTER SET=utf8mb4
			COLLATE=utf8mb4_unicode_ci
2025-11-02 07:42:49,071 WARNING database DDL Query made to DB:
create table `tabInsights Table v3` (
			name varchar(140) primary key,
			creation datetime(6),
			modified datetime(6),
			modified_by varchar(140),
			owner varchar(140),
			docstatus int(1) not null default '0',
			idx int(8) not null default '0',
			`table` varchar(140),
`label` varchar(140),
`data_source` varchar(140),
`last_synced_on` datetime(6),
`row_limit` int(11) not null default 0,
`stored` int(1) not null default 0,
`before_import_script` longtext,
`_user_tags` text,
`_comments` text,
`_assign` text,
`_liked_by` text,
index `data_source`(`data_source`),
index modified(modified))
			ENGINE=InnoDB
			ROW_FORMAT=DYNAMIC
			CHARACTER SET=utf8mb4
			COLLATE=utf8mb4_unicode_ci
2025-11-02 07:42:49,122 WARNING database DDL Query made to DB:
create table `tabInsights Dashboard Chart v3` (
			name varchar(140) primary key,
			creation datetime(6),
			modified datetime(6),
			modified_by varchar(140),
			owner varchar(140),
			docstatus int(1) not null default '0',
			idx int(8) not null default '0',
			`chart` varchar(140),
parent varchar(140),
parentfield varchar(140),
parenttype varchar(140),
index parent(parent))
			ENGINE=InnoDB
			ROW_FORMAT=DYNAMIC
			CHARACTER SET=utf8mb4
			COLLATE=utf8mb4_unicode_ci
2025-11-02 07:42:49,177 WARNING database DDL Query made to DB:
create table `tabInsights Table Import Log` (
			name varchar(140) primary key,
			creation datetime(6),
			modified datetime(6),
			modified_by varchar(140),
			owner varchar(140),
			docstatus int(1) not null default '0',
			idx int(8) not null default '0',
			`status` varchar(140),
`data_source` varchar(140),
`table_name` varchar(140),
`parquet_file` text,
`started_at` datetime(6),
`ended_at` datetime(6),
`time_taken` int(11) not null default 0,
`row_limit` int(11) not null default 0,
`memory_limit` int(11) not null default 0,
`row_size` decimal(21,9) not null default 0,
`batch_size` int(11) not null default 0,
`rows_imported` int(11) not null default 0,
`query` longtext,
`output` longtext,
`_user_tags` text,
`_comments` text,
`_assign` text,
`_liked_by` text,
index modified(modified))
			ENGINE=InnoDB
			ROW_FORMAT=DYNAMIC
			CHARACTER SET=utf8mb4
			COLLATE=utf8mb4_unicode_ci
2025-11-02 07:42:49,233 WARNING database DDL Query made to DB:
create table `tabInsights Table` (
			name varchar(140) primary key,
			creation datetime(6),
			modified datetime(6),
			modified_by varchar(140),
			owner varchar(140),
			docstatus int(1) not null default '0',
			idx int(8) not null default '0',
			`table` varchar(140),
`label` varchar(140),
`is_query_based` int(1) not null default 0,
`data_source` varchar(140),
`hidden` int(1) not null default 0,
`_user_tags` text,
`_comments` text,
`_assign` text,
`_liked_by` text,
index `data_source`(`data_source`),
index modified(modified))
			ENGINE=InnoDB
			ROW_FORMAT=DYNAMIC
			CHARACTER SET=utf8mb4
			COLLATE=utf8mb4_unicode_ci
2025-11-02 07:42:49,301 WARNING database DDL Query made to DB:
ALTER TABLE `tabInsights Table`
				ADD INDEX IF NOT EXISTS `data_source_table_index`(`data_source`, `table`)
2025-11-02 07:42:49,339 WARNING database DDL Query made to DB:
create sequence if not exists insights_workbook_id_seq nocache nocycle
2025-11-02 07:42:49,362 WARNING database DDL Query made to DB:
create table `tabInsights Workbook` (
			name bigint primary key,
			creation datetime(6),
			modified datetime(6),
			modified_by varchar(140),
			owner varchar(140),
			docstatus int(1) not null default '0',
			idx int(8) not null default '0',
			`title` varchar(140),
`data_backup` json,
`_user_tags` text,
`_comments` text,
`_assign` text,
`_liked_by` text,
index modified(modified))
			ENGINE=InnoDB
			ROW_FORMAT=DYNAMIC
			CHARACTER SET=utf8mb4
			COLLATE=utf8mb4_unicode_ci
2025-11-02 07:42:49,428 WARNING database DDL Query made to DB:
create table `tabInsights Notebook Page` (
			name varchar(140) primary key,
			creation datetime(6),
			modified datetime(6),
			modified_by varchar(140),
			owner varchar(140),
			docstatus int(1) not null default '0',
			idx int(8) not null default '0',
			`title` varchar(140),
`notebook` varchar(140),
`content` longtext,
`_user_tags` text,
`_comments` text,
`_assign` text,
`_liked_by` text,
index modified(modified))
			ENGINE=InnoDB
			ROW_FORMAT=DYNAMIC
			CHARACTER SET=utf8mb4
			COLLATE=utf8mb4_unicode_ci
2025-11-02 07:42:49,498 WARNING database DDL Query made to DB:
create table `tabInsights Data Source` (
			name varchar(140) primary key,
			creation datetime(6),
			modified datetime(6),
			modified_by varchar(140),
			owner varchar(140),
			docstatus int(1) not null default '0',
			idx int(8) not null default '0',
			`title` varchar(140) unique,
`status` varchar(140),
`database_type` varchar(140) default 'MariaDB',
`is_site_db` int(1) not null default 0,
`host` varchar(140),
`port` varchar(140),
`use_ssl` int(1) not null default 0,
`allow_imports` int(1) not null default 0,
`database_name` varchar(140),
`username` varchar(140),
`password` text,
`connection_string` text,
`_user_tags` text,
`_comments` text,
`_assign` text,
`_liked_by` text,
index modified(modified))
			ENGINE=InnoDB
			ROW_FORMAT=DYNAMIC
			CHARACTER SET=utf8mb4
			COLLATE=utf8mb4_unicode_ci
2025-11-02 07:42:49,677 WARNING database DDL Query made to DB:
create table `tabInsights Team` (
			name varchar(140) primary key,
			creation datetime(6),
			modified datetime(6),
			modified_by varchar(140),
			owner varchar(140),
			docstatus int(1) not null default '0',
			idx int(8) not null default '0',
			`team_name` varchar(140) unique,
`_user_tags` text,
`_comments` text,
`_assign` text,
`_liked_by` text,
index modified(modified))
			ENGINE=InnoDB
			ROW_FORMAT=DYNAMIC
			CHARACTER SET=utf8mb4
			COLLATE=utf8mb4_unicode_ci
2025-11-02 07:42:49,724 WARNING database DDL Query made to DB:
create sequence if not exists insights_team_member_id_seq nocache nocycle
2025-11-02 07:42:49,745 WARNING database DDL Query made to DB:
create table `tabInsights Team Member` (
			name bigint primary key,
			creation datetime(6),
			modified datetime(6),
			modified_by varchar(140),
			owner varchar(140),
			docstatus int(1) not null default '0',
			idx int(8) not null default '0',
			`user` varchar(140),
parent varchar(140),
parentfield varchar(140),
parenttype varchar(140),
index parent(parent))
			ENGINE=InnoDB
			ROW_FORMAT=DYNAMIC
			CHARACTER SET=utf8mb4
			COLLATE=utf8mb4_unicode_ci
2025-11-02 07:42:49,794 WARNING database DDL Query made to DB:
create table `tabInsights Query Variable` (
			name varchar(140) primary key,
			creation datetime(6),
			modified datetime(6),
			modified_by varchar(140),
			owner varchar(140),
			docstatus int(1) not null default '0',
			idx int(8) not null default '0',
			`variable_name` varchar(140),
`variable_value` text,
parent varchar(140),
parentfield varchar(140),
parenttype varchar(140),
index parent(parent))
			ENGINE=InnoDB
			ROW_FORMAT=DYNAMIC
			CHARACTER SET=utf8mb4
			COLLATE=utf8mb4_unicode_ci
2025-11-02 07:42:49,858 WARNING database DDL Query made to DB:
create table `tabInsights Query` (
			name varchar(140) primary key,
			creation datetime(6),
			modified datetime(6),
			modified_by varchar(140),
			owner varchar(140),
			docstatus int(1) not null default '0',
			idx int(8) not null default '0',
			`status` varchar(140) default 'Pending Execution',
`title` varchar(140),
`is_native_query` int(1) not null default 0,
`is_assisted_query` int(1) not null default 0,
`is_script_query` int(1) not null default 0,
`data_source` varchar(140),
`chart` varchar(140),
`is_stored` int(1) not null default 0,
`filters` json default '{\n	\"type\": \"LogicalExpression\",\n	\"operator\": \"&&\",\n	\"level\": 1,\n	\"position\": 1,\n	\"conditions\": []\n}',
`limit` int(11) not null default 500,
`json` longtext default '{}',
`sql` longtext,
`script` longtext,
`script_log` text,
`execution_time` decimal(21,9) not null default 0,
`last_execution` datetime(6),
`_user_tags` text,
`_comments` text,
`_assign` text,
`_liked_by` text,
index `data_source`(`data_source`),
index modified(modified))
			ENGINE=InnoDB
			ROW_FORMAT=DYNAMIC
			CHARACTER SET=utf8mb4
			COLLATE=utf8mb4_unicode_ci
2025-11-02 07:42:49,919 WARNING database DDL Query made to DB:
create table `tabInsights Dashboard v3` (
			name varchar(140) primary key,
			creation datetime(6),
			modified datetime(6),
			modified_by varchar(140),
			owner varchar(140),
			docstatus int(1) not null default '0',
			idx int(8) not null default '0',
			`title` varchar(140),
`preview_image` varchar(140),
`share_link` varchar(140),
`workbook` varchar(140),
`is_public` int(1) not null default 0,
`vertical_compact_layout` int(1) not null default 0,
`items` json,
`old_name` varchar(140),
`_user_tags` text,
`_comments` text,
`_assign` text,
`_liked_by` text,
index `workbook`(`workbook`),
index modified(modified))
			ENGINE=InnoDB
			ROW_FORMAT=DYNAMIC
			CHARACTER SET=utf8mb4
			COLLATE=utf8mb4_unicode_ci
2025-11-02 07:42:49,975 WARNING database DDL Query made to DB:
create table `tabInsights Query Column` (
			name varchar(140) primary key,
			creation datetime(6),
			modified datetime(6),
			modified_by varchar(140),
			owner varchar(140),
			docstatus int(1) not null default '0',
			idx int(8) not null default '0',
			`label` varchar(140),
`column` varchar(140),
`type` varchar(140),
`is_expression` int(1) not null default 0,
`table` varchar(140),
`table_label` varchar(140),
`expression` json,
`aggregation` varchar(140),
`aggregation_condition` longtext,
`format_option` longtext,
`order_by` varchar(140),
parent varchar(140),
parentfield varchar(140),
parenttype varchar(140),
index parent(parent))
			ENGINE=InnoDB
			ROW_FORMAT=DYNAMIC
			CHARACTER SET=utf8mb4
			COLLATE=utf8mb4_unicode_ci
2025-11-02 07:42:50,024 WARNING database DDL Query made to DB:
create table `tabInsights Table Column` (
			name varchar(140) primary key,
			creation datetime(6),
			modified datetime(6),
			modified_by varchar(140),
			owner varchar(140),
			docstatus int(1) not null default '0',
			idx int(8) not null default '0',
			`column` varchar(140),
`label` varchar(140),
`type` varchar(140) default 'String',
parent varchar(140),
parentfield varchar(140),
parenttype varchar(140),
index parent(parent))
			ENGINE=InnoDB
			ROW_FORMAT=DYNAMIC
			CHARACTER SET=utf8mb4
			COLLATE=utf8mb4_unicode_ci
2025-11-02 07:42:50,083 WARNING database DDL Query made to DB:
create table `tabInsights Chart v3` (
			name varchar(140) primary key,
			creation datetime(6),
			modified datetime(6),
			modified_by varchar(140),
			owner varchar(140),
			docstatus int(1) not null default '0',
			idx int(8) not null default '0',
			`title` varchar(140),
`workbook` varchar(140),
`query` varchar(140),
`data_query` varchar(140),
`sort_order` int(11) not null default 0,
`folder` varchar(140),
`chart_type` varchar(140),
`is_public` int(1) not null default 0,
`config` json,
`old_name` varchar(140),
`_user_tags` text,
`_comments` text,
`_assign` text,
`_liked_by` text,
index `workbook`(`workbook`),
index `data_query`(`data_query`),
index modified(modified))
			ENGINE=InnoDB
			ROW_FORMAT=DYNAMIC
			CHARACTER SET=utf8mb4
			COLLATE=utf8mb4_unicode_ci
2025-11-02 07:42:50,139 WARNING database DDL Query made to DB:
create table `tabInsights Query Execution Log` (
			name varchar(140) primary key,
			creation datetime(6),
			modified datetime(6),
			modified_by varchar(140),
			owner varchar(140),
			docstatus int(1) not null default '0',
			idx int(8) not null default '0',
			`data_source` varchar(140),
`query` varchar(140),
`sql` longtext,
`time_taken` decimal(21,9) not null default 0,
`_user_tags` text,
`_comments` text,
`_assign` text,
`_liked_by` text,
index modified(modified))
			ENGINE=MyISAM
			ROW_FORMAT=DYNAMIC
			CHARACTER SET=utf8mb4
			COLLATE=utf8mb4_unicode_ci
2025-11-02 07:42:50,195 WARNING database DDL Query made to DB:
create sequence if not exists insights_table_link_v3_id_seq nocache nocycle
2025-11-02 07:42:50,215 WARNING database DDL Query made to DB:
create table `tabInsights Table Link v3` (
			name bigint primary key,
			creation datetime(6),
			modified datetime(6),
			modified_by varchar(140),
			owner varchar(140),
			docstatus int(1) not null default '0',
			idx int(8) not null default '0',
			`data_source` varchar(140),
`left_table` varchar(140),
`right_table` varchar(140),
`left_column` varchar(140),
`right_column` varchar(140),
`_user_tags` text,
`_comments` text,
`_assign` text,
`_liked_by` text,
index modified(modified))
			ENGINE=InnoDB
			ROW_FORMAT=DYNAMIC
			CHARACTER SET=utf8mb4
			COLLATE=utf8mb4_unicode_ci
2025-11-02 07:42:50,281 WARNING database DDL Query made to DB:
create table `tabInsights Query v3` (
			name varchar(140) primary key,
			creation datetime(6),
			modified datetime(6),
			modified_by varchar(140),
			owner varchar(140),
			docstatus int(1) not null default '0',
			idx int(8) not null default '0',
			`title` varchar(140),
`workbook` varchar(140),
`sort_order` int(11) not null default 0,
`folder` varchar(140),
`use_live_connection` int(1) not null default 0,
`is_script_query` int(1) not null default 0,
`is_builder_query` int(1) not null default 0,
`is_native_query` int(1) not null default 0,
`operations` json,
`linked_queries` json,
`old_name` varchar(140),
`_user_tags` text,
`_comments` text,
`_assign` text,
`_liked_by` text,
index `workbook`(`workbook`),
index modified(modified))
			ENGINE=InnoDB
			ROW_FORMAT=DYNAMIC
			CHARACTER SET=utf8mb4
			COLLATE=utf8mb4_unicode_ci
2025-11-02 07:42:50,341 WARNING database DDL Query made to DB:
create table `tabInsights Dashboard` (
			name varchar(140) primary key,
			creation datetime(6),
			modified datetime(6),
			modified_by varchar(140),
			owner varchar(140),
			docstatus int(1) not null default '0',
			idx int(8) not null default '0',
			`title` varchar(140),
`is_public` int(1) not null default 0,
`public_key` varchar(140),
`_user_tags` text,
`_comments` text,
`_assign` text,
`_liked_by` text,
index modified(modified))
			ENGINE=InnoDB
			ROW_FORMAT=DYNAMIC
			CHARACTER SET=utf8mb4
			COLLATE=utf8mb4_unicode_ci
2025-11-02 07:42:50,448 WARNING database DDL Query made to DB:
create table `tabInsights Query Result` (
			name varchar(140) primary key,
			creation datetime(6),
			modified datetime(6),
			modified_by varchar(140),
			owner varchar(140),
			docstatus int(1) not null default '0',
			idx int(8) not null default '0',
			`query` varchar(140) unique,
`results_row_count` int(11) not null default 0,
`results` longtext,
`_user_tags` text,
`_comments` text,
`_assign` text,
`_liked_by` text,
index modified(modified))
			ENGINE=InnoDB
			ROW_FORMAT=DYNAMIC
			CHARACTER SET=utf8mb4
			COLLATE=utf8mb4_unicode_ci
2025-11-02 07:42:50,505 WARNING database DDL Query made to DB:
create table `tabInsights Query Transform` (
			name varchar(140) primary key,
			creation datetime(6),
			modified datetime(6),
			modified_by varchar(140),
			owner varchar(140),
			docstatus int(1) not null default '0',
			idx int(8) not null default '0',
			`type` varchar(140),
`options` json default '{}',
parent varchar(140),
parentfield varchar(140),
parenttype varchar(140),
index parent(parent))
			ENGINE=InnoDB
			ROW_FORMAT=DYNAMIC
			CHARACTER SET=utf8mb4
			COLLATE=utf8mb4_unicode_ci
2025-11-02 07:42:50,560 WARNING database DDL Query made to DB:
create table `tabInsights Query Table` (
			name varchar(140) primary key,
			creation datetime(6),
			modified datetime(6),
			modified_by varchar(140),
			owner varchar(140),
			docstatus int(1) not null default '0',
			idx int(8) not null default '0',
			`label` varchar(140),
`table` varchar(140),
`join` longtext,
parent varchar(140),
parentfield varchar(140),
parenttype varchar(140),
index parent(parent))
			ENGINE=InnoDB
			ROW_FORMAT=DYNAMIC
			CHARACTER SET=utf8mb4
			COLLATE=utf8mb4_unicode_ci
2025-11-02 07:42:50,618 WARNING database DDL Query made to DB:
create sequence if not exists insights_dashboard_item_id_seq nocache nocycle
2025-11-02 07:42:50,640 WARNING database DDL Query made to DB:
create table `tabInsights Dashboard Item` (
			name bigint primary key,
			creation datetime(6),
			modified datetime(6),
			modified_by varchar(140),
			owner varchar(140),
			docstatus int(1) not null default '0',
			idx int(8) not null default '0',
			`item_id` varchar(140),
`item_type` varchar(140),
`options` json,
`layout` json,
parent varchar(140),
parentfield varchar(140),
parenttype varchar(140),
index parent(parent))
			ENGINE=InnoDB
			ROW_FORMAT=DYNAMIC
			CHARACTER SET=utf8mb4
			COLLATE=utf8mb4_unicode_ci
2025-11-02 07:42:50,706 WARNING database DDL Query made to DB:
create table `tabInsights Alert` (
			name varchar(140) primary key,
			creation datetime(6),
			modified datetime(6),
			modified_by varchar(140),
			owner varchar(140),
			docstatus int(1) not null default '0',
			idx int(8) not null default '0',
			`disabled` int(1) not null default 0,
`title` varchar(140),
`channel` varchar(140) default 'Email',
`query` varchar(140),
`frequency` varchar(140) default 'Hourly',
`cron_format` varchar(140),
`last_execution` datetime(6),
`telegram_chat_id` varchar(140),
`recipients` text,
`condition` longtext,
`custom_condition` int(1) not null default 0,
`message` longtext,
`_user_tags` text,
`_comments` text,
`_assign` text,
`_liked_by` text,
index modified(modified))
			ENGINE=InnoDB
			ROW_FORMAT=DYNAMIC
			CHARACTER SET=utf8mb4
			COLLATE=utf8mb4_unicode_ci
2025-11-02 07:42:50,858 WARNING database DDL Query made to DB:
create sequence if not exists insights_user_invitation_id_seq nocache nocycle
2025-11-02 07:42:50,880 WARNING database DDL Query made to DB:
create table `tabInsights User Invitation` (
			name bigint primary key,
			creation datetime(6),
			modified datetime(6),
			modified_by varchar(140),
			owner varchar(140),
			docstatus int(1) not null default '0',
			idx int(8) not null default '0',
			`email` varchar(140),
`key` varchar(140),
`invited_by` varchar(140),
`status` varchar(140),
`email_sent_at` datetime(6),
`accepted_at` datetime(6),
`_user_tags` text,
`_comments` text,
`_assign` text,
`_liked_by` text,
index modified(modified))
			ENGINE=InnoDB
			ROW_FORMAT=DYNAMIC
			CHARACTER SET=utf8mb4
			COLLATE=utf8mb4_unicode_ci
2025-11-02 07:42:50,936 WARNING database DDL Query made to DB:
create table `tabInsights Chart` (
			name varchar(140) primary key,
			creation datetime(6),
			modified datetime(6),
			modified_by varchar(140),
			owner varchar(140),
			docstatus int(1) not null default '0',
			idx int(8) not null default '0',
			`query` varchar(140),
`chart_type` varchar(140),
`options` json default '{}',
`is_public` int(1) not null default 0,
`public_key` varchar(140),
`_user_tags` text,
`_comments` text,
`_assign` text,
`_liked_by` text,
index modified(modified))
			ENGINE=InnoDB
			ROW_FORMAT=DYNAMIC
			CHARACTER SET=utf8mb4
			COLLATE=utf8mb4_unicode_ci
2025-11-02 08:39:05,863 WARNING database DDL Query made to DB:
alter table `tabDocType` add column if not exists migration_hash varchar(140)
2025-11-02 08:46:34,982 WARNING database DDL Query made to DB:
alter table `tabDocType` add column if not exists migration_hash varchar(140)
2025-11-02 08:46:35,323 WARNING database DDL Query made to DB:
create table `tabGoogle Analytics` (
			name varchar(140) primary key,
			creation datetime(6),
			modified datetime(6),
			modified_by varchar(140),
			owner varchar(140),
			docstatus int(1) not null default '0',
			idx int(8) not null default '0',
			`enable` int(1) not null default 1,
`property_name` varchar(140) unique,
`user` varchar(140),
`property_id` varchar(140),
`measurement_id` varchar(140),
`refresh_token` text,
`authorization_code` text,
`access_token` text,
`token_expiry` datetime(6),
`_user_tags` text,
`_comments` text,
`_assign` text,
`_liked_by` text,
index modified(modified))
			ENGINE=InnoDB
			ROW_FORMAT=DYNAMIC
			CHARACTER SET=utf8mb4
			COLLATE=utf8mb4_unicode_ci
2025-11-02 08:46:35,632 WARNING database DDL Query made to DB:
create table `tabGoogle Ads` (
			name varchar(140) primary key,
			creation datetime(6),
			modified datetime(6),
			modified_by varchar(140),
			owner varchar(140),
			docstatus int(1) not null default '0',
			idx int(8) not null default '0',
			`enable` int(1) not null default 1,
`account_name` varchar(140) unique,
`user` varchar(140),
`account_type` varchar(140) default 'Consumer Account',
`customer_id` varchar(140),
`login_customer_id` varchar(140),
`refresh_token` text,
`authorization_code` text,
`access_token` text,
`token_expiry` datetime(6),
`_user_tags` text,
`_comments` text,
`_assign` text,
`_liked_by` text,
index modified(modified))
			ENGINE=InnoDB
			ROW_FORMAT=DYNAMIC
			CHARACTER SET=utf8mb4
			COLLATE=utf8mb4_unicode_ci
2025-11-02 09:00:10,639 WARNING database DDL Query made to DB:
alter table `tabDocType` add column if not exists migration_hash varchar(140)
2025-11-02 09:00:10,973 WARNING database DDL Query made to DB:
ALTER TABLE `tabGoogle Analytics` ADD COLUMN `organization` varchar(140), ADD COLUMN `auto_sync` int(1) not null default 1, ADD COLUMN `sync_frequency` varchar(140) default 'Daily', ADD COLUMN `last_sync` datetime(6)
2025-11-02 09:00:11,369 WARNING database DDL Query made to DB:
ALTER TABLE `tabGoogle Ads` ADD COLUMN `organization` varchar(140), ADD COLUMN `auto_sync` int(1) not null default 1, ADD COLUMN `sync_frequency` varchar(140) default 'Daily', ADD COLUMN `last_sync` datetime(6)
2025-11-02 09:04:01,031 WARNING database DDL Query made to DB:
alter table `tabDocType` add column if not exists migration_hash varchar(140)
2025-11-02 09:47:30,442 WARNING database DDL Query made to DB:
alter table `tabDocType` add column if not exists migration_hash varchar(140)
