2025-11-14 21:13:52,053 ERROR scheduler Exception in Enqueue Events for Site crm.localhost
Traceback (most recent call last):
  File "/Users/eumoitinho/Work/Interno/Ninetwo-CRM/frappe-bench/env/lib/python3.12/site-packages/redis/connection.py", line 699, in connect
    sock = self.retry.call_with_retry(
           ^^^^^^^^^^^^^^^^^^^^^^^^^^^
  File "/Users/eumoitinho/Work/Interno/Ninetwo-CRM/frappe-bench/env/lib/python3.12/site-packages/redis/retry.py", line 46, in call_with_retry
    return do()
           ^^^^
  File "/Users/eumoitinho/Work/Interno/Ninetwo-CRM/frappe-bench/env/lib/python3.12/site-packages/redis/connection.py", line 700, in <lambda>
    lambda: self._connect(), lambda error: self.disconnect(error)
            ^^^^^^^^^^^^^^^
  File "/Users/eumoitinho/Work/Interno/Ninetwo-CRM/frappe-bench/env/lib/python3.12/site-packages/redis/connection.py", line 1002, in _connect
    raise err
  File "/Users/eumoitinho/Work/Interno/Ninetwo-CRM/frappe-bench/env/lib/python3.12/site-packages/redis/connection.py", line 990, in _connect
    sock.connect(socket_address)
ConnectionRefusedError: [Errno 61] Connection refused

During handling of the above exception, another exception occurred:

Traceback (most recent call last):
  File "/Users/eumoitinho/Work/Interno/Ninetwo-CRM/frappe-bench/apps/frappe/frappe/utils/scheduler.py", line 102, in enqueue_events_for_site
    enqueue_events(site=site)
  File "/Users/eumoitinho/Work/Interno/Ninetwo-CRM/frappe-bench/apps/frappe/frappe/utils/scheduler.py", line 122, in enqueue_events
    if job_type.enqueue():
       ^^^^^^^^^^^^^^^^^^
  File "/Users/eumoitinho/Work/Interno/Ninetwo-CRM/frappe-bench/apps/frappe/frappe/core/doctype/scheduled_job_type/scheduled_job_type.py", line 74, in enqueue
    if not self.is_job_in_queue():
           ^^^^^^^^^^^^^^^^^^^^^^
  File "/Users/eumoitinho/Work/Interno/Ninetwo-CRM/frappe-bench/apps/frappe/frappe/core/doctype/scheduled_job_type/scheduled_job_type.py", line 95, in is_job_in_queue
    return is_job_enqueued(self.rq_job_id)
           ^^^^^^^^^^^^^^^^^^^^^^^^^^^^^^^
  File "/Users/eumoitinho/Work/Interno/Ninetwo-CRM/frappe-bench/apps/frappe/frappe/utils/background_jobs.py", line 568, in is_job_enqueued
    return get_job_status(job_id) in (JobStatus.QUEUED, JobStatus.STARTED)
           ^^^^^^^^^^^^^^^^^^^^^^
  File "/Users/eumoitinho/Work/Interno/Ninetwo-CRM/frappe-bench/apps/frappe/frappe/utils/background_jobs.py", line 573, in get_job_status
    job = get_job(job_id)
          ^^^^^^^^^^^^^^^
  File "/Users/eumoitinho/Work/Interno/Ninetwo-CRM/frappe-bench/apps/frappe/frappe/utils/background_jobs.py", line 580, in get_job
    return Job.fetch(create_job_id(job_id), connection=get_redis_conn())
           ^^^^^^^^^^^^^^^^^^^^^^^^^^^^^^^^^^^^^^^^^^^^^^^^^^^^^^^^^^^^^
  File "/Users/eumoitinho/Work/Interno/Ninetwo-CRM/frappe-bench/env/lib/python3.12/site-packages/rq/job.py", line 591, in fetch
    job.refresh()
  File "/Users/eumoitinho/Work/Interno/Ninetwo-CRM/frappe-bench/env/lib/python3.12/site-packages/rq/job.py", line 989, in refresh
    data = self.connection.hgetall(self.key)
           ^^^^^^^^^^^^^^^^^^^^^^^^^^^^^^^^^
  File "/Users/eumoitinho/Work/Interno/Ninetwo-CRM/frappe-bench/env/lib/python3.12/site-packages/redis/commands/core.py", line 4887, in hgetall
    return self.execute_command("HGETALL", name)
           ^^^^^^^^^^^^^^^^^^^^^^^^^^^^^^^^^^^^^
  File "/Users/eumoitinho/Work/Interno/Ninetwo-CRM/frappe-bench/env/lib/python3.12/site-packages/redis/client.py", line 1266, in execute_command
    conn = self.connection or pool.get_connection(command_name, **options)
                              ^^^^^^^^^^^^^^^^^^^^^^^^^^^^^^^^^^^^^^^^^^^^
  File "/Users/eumoitinho/Work/Interno/Ninetwo-CRM/frappe-bench/env/lib/python3.12/site-packages/redis/connection.py", line 1457, in get_connection
    connection.connect()
  File "/Users/eumoitinho/Work/Interno/Ninetwo-CRM/frappe-bench/env/lib/python3.12/site-packages/redis/connection.py", line 705, in connect
    raise ConnectionError(self._error_message(e))
redis.exceptions.ConnectionError: Error 61 connecting to 127.0.0.1:11000. Connection refused.
2025-11-14 21:14:52,258 ERROR scheduler Exception in Enqueue Events for Site crm.localhost
Traceback (most recent call last):
  File "/Users/eumoitinho/Work/Interno/Ninetwo-CRM/frappe-bench/env/lib/python3.12/site-packages/redis/connection.py", line 699, in connect
    sock = self.retry.call_with_retry(
           ^^^^^^^^^^^^^^^^^^^^^^^^^^^
  File "/Users/eumoitinho/Work/Interno/Ninetwo-CRM/frappe-bench/env/lib/python3.12/site-packages/redis/retry.py", line 46, in call_with_retry
    return do()
           ^^^^
  File "/Users/eumoitinho/Work/Interno/Ninetwo-CRM/frappe-bench/env/lib/python3.12/site-packages/redis/connection.py", line 700, in <lambda>
    lambda: self._connect(), lambda error: self.disconnect(error)
            ^^^^^^^^^^^^^^^
  File "/Users/eumoitinho/Work/Interno/Ninetwo-CRM/frappe-bench/env/lib/python3.12/site-packages/redis/connection.py", line 1002, in _connect
    raise err
  File "/Users/eumoitinho/Work/Interno/Ninetwo-CRM/frappe-bench/env/lib/python3.12/site-packages/redis/connection.py", line 990, in _connect
    sock.connect(socket_address)
ConnectionRefusedError: [Errno 61] Connection refused

During handling of the above exception, another exception occurred:

Traceback (most recent call last):
  File "/Users/eumoitinho/Work/Interno/Ninetwo-CRM/frappe-bench/apps/frappe/frappe/utils/scheduler.py", line 102, in enqueue_events_for_site
    enqueue_events(site=site)
  File "/Users/eumoitinho/Work/Interno/Ninetwo-CRM/frappe-bench/apps/frappe/frappe/utils/scheduler.py", line 122, in enqueue_events
    if job_type.enqueue():
       ^^^^^^^^^^^^^^^^^^
  File "/Users/eumoitinho/Work/Interno/Ninetwo-CRM/frappe-bench/apps/frappe/frappe/core/doctype/scheduled_job_type/scheduled_job_type.py", line 74, in enqueue
    if not self.is_job_in_queue():
           ^^^^^^^^^^^^^^^^^^^^^^
  File "/Users/eumoitinho/Work/Interno/Ninetwo-CRM/frappe-bench/apps/frappe/frappe/core/doctype/scheduled_job_type/scheduled_job_type.py", line 95, in is_job_in_queue
    return is_job_enqueued(self.rq_job_id)
           ^^^^^^^^^^^^^^^^^^^^^^^^^^^^^^^
  File "/Users/eumoitinho/Work/Interno/Ninetwo-CRM/frappe-bench/apps/frappe/frappe/utils/background_jobs.py", line 568, in is_job_enqueued
    return get_job_status(job_id) in (JobStatus.QUEUED, JobStatus.STARTED)
           ^^^^^^^^^^^^^^^^^^^^^^
  File "/Users/eumoitinho/Work/Interno/Ninetwo-CRM/frappe-bench/apps/frappe/frappe/utils/background_jobs.py", line 573, in get_job_status
    job = get_job(job_id)
          ^^^^^^^^^^^^^^^
  File "/Users/eumoitinho/Work/Interno/Ninetwo-CRM/frappe-bench/apps/frappe/frappe/utils/background_jobs.py", line 580, in get_job
    return Job.fetch(create_job_id(job_id), connection=get_redis_conn())
           ^^^^^^^^^^^^^^^^^^^^^^^^^^^^^^^^^^^^^^^^^^^^^^^^^^^^^^^^^^^^^
  File "/Users/eumoitinho/Work/Interno/Ninetwo-CRM/frappe-bench/env/lib/python3.12/site-packages/rq/job.py", line 591, in fetch
    job.refresh()
  File "/Users/eumoitinho/Work/Interno/Ninetwo-CRM/frappe-bench/env/lib/python3.12/site-packages/rq/job.py", line 989, in refresh
    data = self.connection.hgetall(self.key)
           ^^^^^^^^^^^^^^^^^^^^^^^^^^^^^^^^^
  File "/Users/eumoitinho/Work/Interno/Ninetwo-CRM/frappe-bench/env/lib/python3.12/site-packages/redis/commands/core.py", line 4887, in hgetall
    return self.execute_command("HGETALL", name)
           ^^^^^^^^^^^^^^^^^^^^^^^^^^^^^^^^^^^^^
  File "/Users/eumoitinho/Work/Interno/Ninetwo-CRM/frappe-bench/env/lib/python3.12/site-packages/redis/client.py", line 1266, in execute_command
    conn = self.connection or pool.get_connection(command_name, **options)
                              ^^^^^^^^^^^^^^^^^^^^^^^^^^^^^^^^^^^^^^^^^^^^
  File "/Users/eumoitinho/Work/Interno/Ninetwo-CRM/frappe-bench/env/lib/python3.12/site-packages/redis/connection.py", line 1457, in get_connection
    connection.connect()
  File "/Users/eumoitinho/Work/Interno/Ninetwo-CRM/frappe-bench/env/lib/python3.12/site-packages/redis/connection.py", line 705, in connect
    raise ConnectionError(self._error_message(e))
redis.exceptions.ConnectionError: Error 61 connecting to 127.0.0.1:11000. Connection refused.
2025-11-14 21:15:52,656 ERROR scheduler Exception in Enqueue Events for Site crm.localhost
Traceback (most recent call last):
  File "/Users/eumoitinho/Work/Interno/Ninetwo-CRM/frappe-bench/env/lib/python3.12/site-packages/redis/connection.py", line 699, in connect
    sock = self.retry.call_with_retry(
           ^^^^^^^^^^^^^^^^^^^^^^^^^^^
  File "/Users/eumoitinho/Work/Interno/Ninetwo-CRM/frappe-bench/env/lib/python3.12/site-packages/redis/retry.py", line 46, in call_with_retry
    return do()
           ^^^^
  File "/Users/eumoitinho/Work/Interno/Ninetwo-CRM/frappe-bench/env/lib/python3.12/site-packages/redis/connection.py", line 700, in <lambda>
    lambda: self._connect(), lambda error: self.disconnect(error)
            ^^^^^^^^^^^^^^^
  File "/Users/eumoitinho/Work/Interno/Ninetwo-CRM/frappe-bench/env/lib/python3.12/site-packages/redis/connection.py", line 1002, in _connect
    raise err
  File "/Users/eumoitinho/Work/Interno/Ninetwo-CRM/frappe-bench/env/lib/python3.12/site-packages/redis/connection.py", line 990, in _connect
    sock.connect(socket_address)
ConnectionRefusedError: [Errno 61] Connection refused

During handling of the above exception, another exception occurred:

Traceback (most recent call last):
  File "/Users/eumoitinho/Work/Interno/Ninetwo-CRM/frappe-bench/apps/frappe/frappe/utils/scheduler.py", line 102, in enqueue_events_for_site
    enqueue_events(site=site)
  File "/Users/eumoitinho/Work/Interno/Ninetwo-CRM/frappe-bench/apps/frappe/frappe/utils/scheduler.py", line 122, in enqueue_events
    if job_type.enqueue():
       ^^^^^^^^^^^^^^^^^^
  File "/Users/eumoitinho/Work/Interno/Ninetwo-CRM/frappe-bench/apps/frappe/frappe/core/doctype/scheduled_job_type/scheduled_job_type.py", line 74, in enqueue
    if not self.is_job_in_queue():
           ^^^^^^^^^^^^^^^^^^^^^^
  File "/Users/eumoitinho/Work/Interno/Ninetwo-CRM/frappe-bench/apps/frappe/frappe/core/doctype/scheduled_job_type/scheduled_job_type.py", line 95, in is_job_in_queue
    return is_job_enqueued(self.rq_job_id)
           ^^^^^^^^^^^^^^^^^^^^^^^^^^^^^^^
  File "/Users/eumoitinho/Work/Interno/Ninetwo-CRM/frappe-bench/apps/frappe/frappe/utils/background_jobs.py", line 568, in is_job_enqueued
    return get_job_status(job_id) in (JobStatus.QUEUED, JobStatus.STARTED)
           ^^^^^^^^^^^^^^^^^^^^^^
  File "/Users/eumoitinho/Work/Interno/Ninetwo-CRM/frappe-bench/apps/frappe/frappe/utils/background_jobs.py", line 573, in get_job_status
    job = get_job(job_id)
          ^^^^^^^^^^^^^^^
  File "/Users/eumoitinho/Work/Interno/Ninetwo-CRM/frappe-bench/apps/frappe/frappe/utils/background_jobs.py", line 580, in get_job
    return Job.fetch(create_job_id(job_id), connection=get_redis_conn())
           ^^^^^^^^^^^^^^^^^^^^^^^^^^^^^^^^^^^^^^^^^^^^^^^^^^^^^^^^^^^^^
  File "/Users/eumoitinho/Work/Interno/Ninetwo-CRM/frappe-bench/env/lib/python3.12/site-packages/rq/job.py", line 591, in fetch
    job.refresh()
  File "/Users/eumoitinho/Work/Interno/Ninetwo-CRM/frappe-bench/env/lib/python3.12/site-packages/rq/job.py", line 989, in refresh
    data = self.connection.hgetall(self.key)
           ^^^^^^^^^^^^^^^^^^^^^^^^^^^^^^^^^
  File "/Users/eumoitinho/Work/Interno/Ninetwo-CRM/frappe-bench/env/lib/python3.12/site-packages/redis/commands/core.py", line 4887, in hgetall
    return self.execute_command("HGETALL", name)
           ^^^^^^^^^^^^^^^^^^^^^^^^^^^^^^^^^^^^^
  File "/Users/eumoitinho/Work/Interno/Ninetwo-CRM/frappe-bench/env/lib/python3.12/site-packages/redis/client.py", line 1266, in execute_command
    conn = self.connection or pool.get_connection(command_name, **options)
                              ^^^^^^^^^^^^^^^^^^^^^^^^^^^^^^^^^^^^^^^^^^^^
  File "/Users/eumoitinho/Work/Interno/Ninetwo-CRM/frappe-bench/env/lib/python3.12/site-packages/redis/connection.py", line 1457, in get_connection
    connection.connect()
  File "/Users/eumoitinho/Work/Interno/Ninetwo-CRM/frappe-bench/env/lib/python3.12/site-packages/redis/connection.py", line 705, in connect
    raise ConnectionError(self._error_message(e))
redis.exceptions.ConnectionError: Error 61 connecting to 127.0.0.1:11000. Connection refused.
2025-11-14 21:16:52,755 ERROR scheduler Exception in Enqueue Events for Site crm.localhost
Traceback (most recent call last):
  File "/Users/eumoitinho/Work/Interno/Ninetwo-CRM/frappe-bench/env/lib/python3.12/site-packages/redis/connection.py", line 699, in connect
    sock = self.retry.call_with_retry(
           ^^^^^^^^^^^^^^^^^^^^^^^^^^^
  File "/Users/eumoitinho/Work/Interno/Ninetwo-CRM/frappe-bench/env/lib/python3.12/site-packages/redis/retry.py", line 46, in call_with_retry
    return do()
           ^^^^
  File "/Users/eumoitinho/Work/Interno/Ninetwo-CRM/frappe-bench/env/lib/python3.12/site-packages/redis/connection.py", line 700, in <lambda>
    lambda: self._connect(), lambda error: self.disconnect(error)
            ^^^^^^^^^^^^^^^
  File "/Users/eumoitinho/Work/Interno/Ninetwo-CRM/frappe-bench/env/lib/python3.12/site-packages/redis/connection.py", line 1002, in _connect
    raise err
  File "/Users/eumoitinho/Work/Interno/Ninetwo-CRM/frappe-bench/env/lib/python3.12/site-packages/redis/connection.py", line 990, in _connect
    sock.connect(socket_address)
ConnectionRefusedError: [Errno 61] Connection refused

During handling of the above exception, another exception occurred:

Traceback (most recent call last):
  File "/Users/eumoitinho/Work/Interno/Ninetwo-CRM/frappe-bench/apps/frappe/frappe/utils/scheduler.py", line 102, in enqueue_events_for_site
    enqueue_events(site=site)
  File "/Users/eumoitinho/Work/Interno/Ninetwo-CRM/frappe-bench/apps/frappe/frappe/utils/scheduler.py", line 122, in enqueue_events
    if job_type.enqueue():
       ^^^^^^^^^^^^^^^^^^
  File "/Users/eumoitinho/Work/Interno/Ninetwo-CRM/frappe-bench/apps/frappe/frappe/core/doctype/scheduled_job_type/scheduled_job_type.py", line 74, in enqueue
    if not self.is_job_in_queue():
           ^^^^^^^^^^^^^^^^^^^^^^
  File "/Users/eumoitinho/Work/Interno/Ninetwo-CRM/frappe-bench/apps/frappe/frappe/core/doctype/scheduled_job_type/scheduled_job_type.py", line 95, in is_job_in_queue
    return is_job_enqueued(self.rq_job_id)
           ^^^^^^^^^^^^^^^^^^^^^^^^^^^^^^^
  File "/Users/eumoitinho/Work/Interno/Ninetwo-CRM/frappe-bench/apps/frappe/frappe/utils/background_jobs.py", line 568, in is_job_enqueued
    return get_job_status(job_id) in (JobStatus.QUEUED, JobStatus.STARTED)
           ^^^^^^^^^^^^^^^^^^^^^^
  File "/Users/eumoitinho/Work/Interno/Ninetwo-CRM/frappe-bench/apps/frappe/frappe/utils/background_jobs.py", line 573, in get_job_status
    job = get_job(job_id)
          ^^^^^^^^^^^^^^^
  File "/Users/eumoitinho/Work/Interno/Ninetwo-CRM/frappe-bench/apps/frappe/frappe/utils/background_jobs.py", line 580, in get_job
    return Job.fetch(create_job_id(job_id), connection=get_redis_conn())
           ^^^^^^^^^^^^^^^^^^^^^^^^^^^^^^^^^^^^^^^^^^^^^^^^^^^^^^^^^^^^^
  File "/Users/eumoitinho/Work/Interno/Ninetwo-CRM/frappe-bench/env/lib/python3.12/site-packages/rq/job.py", line 591, in fetch
    job.refresh()
  File "/Users/eumoitinho/Work/Interno/Ninetwo-CRM/frappe-bench/env/lib/python3.12/site-packages/rq/job.py", line 989, in refresh
    data = self.connection.hgetall(self.key)
           ^^^^^^^^^^^^^^^^^^^^^^^^^^^^^^^^^
  File "/Users/eumoitinho/Work/Interno/Ninetwo-CRM/frappe-bench/env/lib/python3.12/site-packages/redis/commands/core.py", line 4887, in hgetall
    return self.execute_command("HGETALL", name)
           ^^^^^^^^^^^^^^^^^^^^^^^^^^^^^^^^^^^^^
  File "/Users/eumoitinho/Work/Interno/Ninetwo-CRM/frappe-bench/env/lib/python3.12/site-packages/redis/client.py", line 1266, in execute_command
    conn = self.connection or pool.get_connection(command_name, **options)
                              ^^^^^^^^^^^^^^^^^^^^^^^^^^^^^^^^^^^^^^^^^^^^
  File "/Users/eumoitinho/Work/Interno/Ninetwo-CRM/frappe-bench/env/lib/python3.12/site-packages/redis/connection.py", line 1457, in get_connection
    connection.connect()
  File "/Users/eumoitinho/Work/Interno/Ninetwo-CRM/frappe-bench/env/lib/python3.12/site-packages/redis/connection.py", line 705, in connect
    raise ConnectionError(self._error_message(e))
redis.exceptions.ConnectionError: Error 61 connecting to 127.0.0.1:11000. Connection refused.
2025-11-14 21:17:52,985 ERROR scheduler Exception in Enqueue Events for Site crm.localhost
Traceback (most recent call last):
  File "/Users/eumoitinho/Work/Interno/Ninetwo-CRM/frappe-bench/env/lib/python3.12/site-packages/redis/connection.py", line 699, in connect
    sock = self.retry.call_with_retry(
           ^^^^^^^^^^^^^^^^^^^^^^^^^^^
  File "/Users/eumoitinho/Work/Interno/Ninetwo-CRM/frappe-bench/env/lib/python3.12/site-packages/redis/retry.py", line 46, in call_with_retry
    return do()
           ^^^^
  File "/Users/eumoitinho/Work/Interno/Ninetwo-CRM/frappe-bench/env/lib/python3.12/site-packages/redis/connection.py", line 700, in <lambda>
    lambda: self._connect(), lambda error: self.disconnect(error)
            ^^^^^^^^^^^^^^^
  File "/Users/eumoitinho/Work/Interno/Ninetwo-CRM/frappe-bench/env/lib/python3.12/site-packages/redis/connection.py", line 1002, in _connect
    raise err
  File "/Users/eumoitinho/Work/Interno/Ninetwo-CRM/frappe-bench/env/lib/python3.12/site-packages/redis/connection.py", line 990, in _connect
    sock.connect(socket_address)
ConnectionRefusedError: [Errno 61] Connection refused

During handling of the above exception, another exception occurred:

Traceback (most recent call last):
  File "/Users/eumoitinho/Work/Interno/Ninetwo-CRM/frappe-bench/apps/frappe/frappe/utils/scheduler.py", line 102, in enqueue_events_for_site
    enqueue_events(site=site)
  File "/Users/eumoitinho/Work/Interno/Ninetwo-CRM/frappe-bench/apps/frappe/frappe/utils/scheduler.py", line 122, in enqueue_events
    if job_type.enqueue():
       ^^^^^^^^^^^^^^^^^^
  File "/Users/eumoitinho/Work/Interno/Ninetwo-CRM/frappe-bench/apps/frappe/frappe/core/doctype/scheduled_job_type/scheduled_job_type.py", line 74, in enqueue
    if not self.is_job_in_queue():
           ^^^^^^^^^^^^^^^^^^^^^^
  File "/Users/eumoitinho/Work/Interno/Ninetwo-CRM/frappe-bench/apps/frappe/frappe/core/doctype/scheduled_job_type/scheduled_job_type.py", line 95, in is_job_in_queue
    return is_job_enqueued(self.rq_job_id)
           ^^^^^^^^^^^^^^^^^^^^^^^^^^^^^^^
  File "/Users/eumoitinho/Work/Interno/Ninetwo-CRM/frappe-bench/apps/frappe/frappe/utils/background_jobs.py", line 568, in is_job_enqueued
    return get_job_status(job_id) in (JobStatus.QUEUED, JobStatus.STARTED)
           ^^^^^^^^^^^^^^^^^^^^^^
  File "/Users/eumoitinho/Work/Interno/Ninetwo-CRM/frappe-bench/apps/frappe/frappe/utils/background_jobs.py", line 573, in get_job_status
    job = get_job(job_id)
          ^^^^^^^^^^^^^^^
  File "/Users/eumoitinho/Work/Interno/Ninetwo-CRM/frappe-bench/apps/frappe/frappe/utils/background_jobs.py", line 580, in get_job
    return Job.fetch(create_job_id(job_id), connection=get_redis_conn())
           ^^^^^^^^^^^^^^^^^^^^^^^^^^^^^^^^^^^^^^^^^^^^^^^^^^^^^^^^^^^^^
  File "/Users/eumoitinho/Work/Interno/Ninetwo-CRM/frappe-bench/env/lib/python3.12/site-packages/rq/job.py", line 591, in fetch
    job.refresh()
  File "/Users/eumoitinho/Work/Interno/Ninetwo-CRM/frappe-bench/env/lib/python3.12/site-packages/rq/job.py", line 989, in refresh
    data = self.connection.hgetall(self.key)
           ^^^^^^^^^^^^^^^^^^^^^^^^^^^^^^^^^
  File "/Users/eumoitinho/Work/Interno/Ninetwo-CRM/frappe-bench/env/lib/python3.12/site-packages/redis/commands/core.py", line 4887, in hgetall
    return self.execute_command("HGETALL", name)
           ^^^^^^^^^^^^^^^^^^^^^^^^^^^^^^^^^^^^^
  File "/Users/eumoitinho/Work/Interno/Ninetwo-CRM/frappe-bench/env/lib/python3.12/site-packages/redis/client.py", line 1266, in execute_command
    conn = self.connection or pool.get_connection(command_name, **options)
                              ^^^^^^^^^^^^^^^^^^^^^^^^^^^^^^^^^^^^^^^^^^^^
  File "/Users/eumoitinho/Work/Interno/Ninetwo-CRM/frappe-bench/env/lib/python3.12/site-packages/redis/connection.py", line 1457, in get_connection
    connection.connect()
  File "/Users/eumoitinho/Work/Interno/Ninetwo-CRM/frappe-bench/env/lib/python3.12/site-packages/redis/connection.py", line 705, in connect
    raise ConnectionError(self._error_message(e))
redis.exceptions.ConnectionError: Error 61 connecting to 127.0.0.1:11000. Connection refused.
2025-11-14 21:18:53,310 ERROR scheduler Exception in Enqueue Events for Site crm.localhost
Traceback (most recent call last):
  File "/Users/eumoitinho/Work/Interno/Ninetwo-CRM/frappe-bench/env/lib/python3.12/site-packages/redis/connection.py", line 699, in connect
    sock = self.retry.call_with_retry(
           ^^^^^^^^^^^^^^^^^^^^^^^^^^^
  File "/Users/eumoitinho/Work/Interno/Ninetwo-CRM/frappe-bench/env/lib/python3.12/site-packages/redis/retry.py", line 46, in call_with_retry
    return do()
           ^^^^
  File "/Users/eumoitinho/Work/Interno/Ninetwo-CRM/frappe-bench/env/lib/python3.12/site-packages/redis/connection.py", line 700, in <lambda>
    lambda: self._connect(), lambda error: self.disconnect(error)
            ^^^^^^^^^^^^^^^
  File "/Users/eumoitinho/Work/Interno/Ninetwo-CRM/frappe-bench/env/lib/python3.12/site-packages/redis/connection.py", line 1002, in _connect
    raise err
  File "/Users/eumoitinho/Work/Interno/Ninetwo-CRM/frappe-bench/env/lib/python3.12/site-packages/redis/connection.py", line 990, in _connect
    sock.connect(socket_address)
ConnectionRefusedError: [Errno 61] Connection refused

During handling of the above exception, another exception occurred:

Traceback (most recent call last):
  File "/Users/eumoitinho/Work/Interno/Ninetwo-CRM/frappe-bench/apps/frappe/frappe/utils/scheduler.py", line 102, in enqueue_events_for_site
    enqueue_events(site=site)
  File "/Users/eumoitinho/Work/Interno/Ninetwo-CRM/frappe-bench/apps/frappe/frappe/utils/scheduler.py", line 122, in enqueue_events
    if job_type.enqueue():
       ^^^^^^^^^^^^^^^^^^
  File "/Users/eumoitinho/Work/Interno/Ninetwo-CRM/frappe-bench/apps/frappe/frappe/core/doctype/scheduled_job_type/scheduled_job_type.py", line 74, in enqueue
    if not self.is_job_in_queue():
           ^^^^^^^^^^^^^^^^^^^^^^
  File "/Users/eumoitinho/Work/Interno/Ninetwo-CRM/frappe-bench/apps/frappe/frappe/core/doctype/scheduled_job_type/scheduled_job_type.py", line 95, in is_job_in_queue
    return is_job_enqueued(self.rq_job_id)
           ^^^^^^^^^^^^^^^^^^^^^^^^^^^^^^^
  File "/Users/eumoitinho/Work/Interno/Ninetwo-CRM/frappe-bench/apps/frappe/frappe/utils/background_jobs.py", line 568, in is_job_enqueued
    return get_job_status(job_id) in (JobStatus.QUEUED, JobStatus.STARTED)
           ^^^^^^^^^^^^^^^^^^^^^^
  File "/Users/eumoitinho/Work/Interno/Ninetwo-CRM/frappe-bench/apps/frappe/frappe/utils/background_jobs.py", line 573, in get_job_status
    job = get_job(job_id)
          ^^^^^^^^^^^^^^^
  File "/Users/eumoitinho/Work/Interno/Ninetwo-CRM/frappe-bench/apps/frappe/frappe/utils/background_jobs.py", line 580, in get_job
    return Job.fetch(create_job_id(job_id), connection=get_redis_conn())
           ^^^^^^^^^^^^^^^^^^^^^^^^^^^^^^^^^^^^^^^^^^^^^^^^^^^^^^^^^^^^^
  File "/Users/eumoitinho/Work/Interno/Ninetwo-CRM/frappe-bench/env/lib/python3.12/site-packages/rq/job.py", line 591, in fetch
    job.refresh()
  File "/Users/eumoitinho/Work/Interno/Ninetwo-CRM/frappe-bench/env/lib/python3.12/site-packages/rq/job.py", line 989, in refresh
    data = self.connection.hgetall(self.key)
           ^^^^^^^^^^^^^^^^^^^^^^^^^^^^^^^^^
  File "/Users/eumoitinho/Work/Interno/Ninetwo-CRM/frappe-bench/env/lib/python3.12/site-packages/redis/commands/core.py", line 4887, in hgetall
    return self.execute_command("HGETALL", name)
           ^^^^^^^^^^^^^^^^^^^^^^^^^^^^^^^^^^^^^
  File "/Users/eumoitinho/Work/Interno/Ninetwo-CRM/frappe-bench/env/lib/python3.12/site-packages/redis/client.py", line 1266, in execute_command
    conn = self.connection or pool.get_connection(command_name, **options)
                              ^^^^^^^^^^^^^^^^^^^^^^^^^^^^^^^^^^^^^^^^^^^^
  File "/Users/eumoitinho/Work/Interno/Ninetwo-CRM/frappe-bench/env/lib/python3.12/site-packages/redis/connection.py", line 1457, in get_connection
    connection.connect()
  File "/Users/eumoitinho/Work/Interno/Ninetwo-CRM/frappe-bench/env/lib/python3.12/site-packages/redis/connection.py", line 705, in connect
    raise ConnectionError(self._error_message(e))
redis.exceptions.ConnectionError: Error 61 connecting to 127.0.0.1:11000. Connection refused.
2025-11-14 21:19:53,636 ERROR scheduler Exception in Enqueue Events for Site crm.localhost
Traceback (most recent call last):
  File "/Users/eumoitinho/Work/Interno/Ninetwo-CRM/frappe-bench/env/lib/python3.12/site-packages/redis/connection.py", line 699, in connect
    sock = self.retry.call_with_retry(
           ^^^^^^^^^^^^^^^^^^^^^^^^^^^
  File "/Users/eumoitinho/Work/Interno/Ninetwo-CRM/frappe-bench/env/lib/python3.12/site-packages/redis/retry.py", line 46, in call_with_retry
    return do()
           ^^^^
  File "/Users/eumoitinho/Work/Interno/Ninetwo-CRM/frappe-bench/env/lib/python3.12/site-packages/redis/connection.py", line 700, in <lambda>
    lambda: self._connect(), lambda error: self.disconnect(error)
            ^^^^^^^^^^^^^^^
  File "/Users/eumoitinho/Work/Interno/Ninetwo-CRM/frappe-bench/env/lib/python3.12/site-packages/redis/connection.py", line 1002, in _connect
    raise err
  File "/Users/eumoitinho/Work/Interno/Ninetwo-CRM/frappe-bench/env/lib/python3.12/site-packages/redis/connection.py", line 990, in _connect
    sock.connect(socket_address)
ConnectionRefusedError: [Errno 61] Connection refused

During handling of the above exception, another exception occurred:

Traceback (most recent call last):
  File "/Users/eumoitinho/Work/Interno/Ninetwo-CRM/frappe-bench/apps/frappe/frappe/utils/scheduler.py", line 102, in enqueue_events_for_site
    enqueue_events(site=site)
  File "/Users/eumoitinho/Work/Interno/Ninetwo-CRM/frappe-bench/apps/frappe/frappe/utils/scheduler.py", line 122, in enqueue_events
    if job_type.enqueue():
       ^^^^^^^^^^^^^^^^^^
  File "/Users/eumoitinho/Work/Interno/Ninetwo-CRM/frappe-bench/apps/frappe/frappe/core/doctype/scheduled_job_type/scheduled_job_type.py", line 74, in enqueue
    if not self.is_job_in_queue():
           ^^^^^^^^^^^^^^^^^^^^^^
  File "/Users/eumoitinho/Work/Interno/Ninetwo-CRM/frappe-bench/apps/frappe/frappe/core/doctype/scheduled_job_type/scheduled_job_type.py", line 95, in is_job_in_queue
    return is_job_enqueued(self.rq_job_id)
           ^^^^^^^^^^^^^^^^^^^^^^^^^^^^^^^
  File "/Users/eumoitinho/Work/Interno/Ninetwo-CRM/frappe-bench/apps/frappe/frappe/utils/background_jobs.py", line 568, in is_job_enqueued
    return get_job_status(job_id) in (JobStatus.QUEUED, JobStatus.STARTED)
           ^^^^^^^^^^^^^^^^^^^^^^
  File "/Users/eumoitinho/Work/Interno/Ninetwo-CRM/frappe-bench/apps/frappe/frappe/utils/background_jobs.py", line 573, in get_job_status
    job = get_job(job_id)
          ^^^^^^^^^^^^^^^
  File "/Users/eumoitinho/Work/Interno/Ninetwo-CRM/frappe-bench/apps/frappe/frappe/utils/background_jobs.py", line 580, in get_job
    return Job.fetch(create_job_id(job_id), connection=get_redis_conn())
           ^^^^^^^^^^^^^^^^^^^^^^^^^^^^^^^^^^^^^^^^^^^^^^^^^^^^^^^^^^^^^
  File "/Users/eumoitinho/Work/Interno/Ninetwo-CRM/frappe-bench/env/lib/python3.12/site-packages/rq/job.py", line 591, in fetch
    job.refresh()
  File "/Users/eumoitinho/Work/Interno/Ninetwo-CRM/frappe-bench/env/lib/python3.12/site-packages/rq/job.py", line 989, in refresh
    data = self.connection.hgetall(self.key)
           ^^^^^^^^^^^^^^^^^^^^^^^^^^^^^^^^^
  File "/Users/eumoitinho/Work/Interno/Ninetwo-CRM/frappe-bench/env/lib/python3.12/site-packages/redis/commands/core.py", line 4887, in hgetall
    return self.execute_command("HGETALL", name)
           ^^^^^^^^^^^^^^^^^^^^^^^^^^^^^^^^^^^^^
  File "/Users/eumoitinho/Work/Interno/Ninetwo-CRM/frappe-bench/env/lib/python3.12/site-packages/redis/client.py", line 1266, in execute_command
    conn = self.connection or pool.get_connection(command_name, **options)
                              ^^^^^^^^^^^^^^^^^^^^^^^^^^^^^^^^^^^^^^^^^^^^
  File "/Users/eumoitinho/Work/Interno/Ninetwo-CRM/frappe-bench/env/lib/python3.12/site-packages/redis/connection.py", line 1457, in get_connection
    connection.connect()
  File "/Users/eumoitinho/Work/Interno/Ninetwo-CRM/frappe-bench/env/lib/python3.12/site-packages/redis/connection.py", line 705, in connect
    raise ConnectionError(self._error_message(e))
redis.exceptions.ConnectionError: Error 61 connecting to 127.0.0.1:11000. Connection refused.
2025-11-14 21:20:53,738 ERROR scheduler Exception in Enqueue Events for Site crm.localhost
Traceback (most recent call last):
  File "/Users/eumoitinho/Work/Interno/Ninetwo-CRM/frappe-bench/env/lib/python3.12/site-packages/redis/connection.py", line 699, in connect
    sock = self.retry.call_with_retry(
           ^^^^^^^^^^^^^^^^^^^^^^^^^^^
  File "/Users/eumoitinho/Work/Interno/Ninetwo-CRM/frappe-bench/env/lib/python3.12/site-packages/redis/retry.py", line 46, in call_with_retry
    return do()
           ^^^^
  File "/Users/eumoitinho/Work/Interno/Ninetwo-CRM/frappe-bench/env/lib/python3.12/site-packages/redis/connection.py", line 700, in <lambda>
    lambda: self._connect(), lambda error: self.disconnect(error)
            ^^^^^^^^^^^^^^^
  File "/Users/eumoitinho/Work/Interno/Ninetwo-CRM/frappe-bench/env/lib/python3.12/site-packages/redis/connection.py", line 1002, in _connect
    raise err
  File "/Users/eumoitinho/Work/Interno/Ninetwo-CRM/frappe-bench/env/lib/python3.12/site-packages/redis/connection.py", line 990, in _connect
    sock.connect(socket_address)
ConnectionRefusedError: [Errno 61] Connection refused

During handling of the above exception, another exception occurred:

Traceback (most recent call last):
  File "/Users/eumoitinho/Work/Interno/Ninetwo-CRM/frappe-bench/apps/frappe/frappe/utils/scheduler.py", line 102, in enqueue_events_for_site
    enqueue_events(site=site)
  File "/Users/eumoitinho/Work/Interno/Ninetwo-CRM/frappe-bench/apps/frappe/frappe/utils/scheduler.py", line 122, in enqueue_events
    if job_type.enqueue():
       ^^^^^^^^^^^^^^^^^^
  File "/Users/eumoitinho/Work/Interno/Ninetwo-CRM/frappe-bench/apps/frappe/frappe/core/doctype/scheduled_job_type/scheduled_job_type.py", line 74, in enqueue
    if not self.is_job_in_queue():
           ^^^^^^^^^^^^^^^^^^^^^^
  File "/Users/eumoitinho/Work/Interno/Ninetwo-CRM/frappe-bench/apps/frappe/frappe/core/doctype/scheduled_job_type/scheduled_job_type.py", line 95, in is_job_in_queue
    return is_job_enqueued(self.rq_job_id)
           ^^^^^^^^^^^^^^^^^^^^^^^^^^^^^^^
  File "/Users/eumoitinho/Work/Interno/Ninetwo-CRM/frappe-bench/apps/frappe/frappe/utils/background_jobs.py", line 568, in is_job_enqueued
    return get_job_status(job_id) in (JobStatus.QUEUED, JobStatus.STARTED)
           ^^^^^^^^^^^^^^^^^^^^^^
  File "/Users/eumoitinho/Work/Interno/Ninetwo-CRM/frappe-bench/apps/frappe/frappe/utils/background_jobs.py", line 573, in get_job_status
    job = get_job(job_id)
          ^^^^^^^^^^^^^^^
  File "/Users/eumoitinho/Work/Interno/Ninetwo-CRM/frappe-bench/apps/frappe/frappe/utils/background_jobs.py", line 580, in get_job
    return Job.fetch(create_job_id(job_id), connection=get_redis_conn())
           ^^^^^^^^^^^^^^^^^^^^^^^^^^^^^^^^^^^^^^^^^^^^^^^^^^^^^^^^^^^^^
  File "/Users/eumoitinho/Work/Interno/Ninetwo-CRM/frappe-bench/env/lib/python3.12/site-packages/rq/job.py", line 591, in fetch
    job.refresh()
  File "/Users/eumoitinho/Work/Interno/Ninetwo-CRM/frappe-bench/env/lib/python3.12/site-packages/rq/job.py", line 989, in refresh
    data = self.connection.hgetall(self.key)
           ^^^^^^^^^^^^^^^^^^^^^^^^^^^^^^^^^
  File "/Users/eumoitinho/Work/Interno/Ninetwo-CRM/frappe-bench/env/lib/python3.12/site-packages/redis/commands/core.py", line 4887, in hgetall
    return self.execute_command("HGETALL", name)
           ^^^^^^^^^^^^^^^^^^^^^^^^^^^^^^^^^^^^^
  File "/Users/eumoitinho/Work/Interno/Ninetwo-CRM/frappe-bench/env/lib/python3.12/site-packages/redis/client.py", line 1266, in execute_command
    conn = self.connection or pool.get_connection(command_name, **options)
                              ^^^^^^^^^^^^^^^^^^^^^^^^^^^^^^^^^^^^^^^^^^^^
  File "/Users/eumoitinho/Work/Interno/Ninetwo-CRM/frappe-bench/env/lib/python3.12/site-packages/redis/connection.py", line 1457, in get_connection
    connection.connect()
  File "/Users/eumoitinho/Work/Interno/Ninetwo-CRM/frappe-bench/env/lib/python3.12/site-packages/redis/connection.py", line 705, in connect
    raise ConnectionError(self._error_message(e))
redis.exceptions.ConnectionError: Error 61 connecting to 127.0.0.1:11000. Connection refused.
2025-11-14 21:21:54,123 ERROR scheduler Exception in Enqueue Events for Site crm.localhost
Traceback (most recent call last):
  File "/Users/eumoitinho/Work/Interno/Ninetwo-CRM/frappe-bench/env/lib/python3.12/site-packages/redis/connection.py", line 699, in connect
    sock = self.retry.call_with_retry(
           ^^^^^^^^^^^^^^^^^^^^^^^^^^^
  File "/Users/eumoitinho/Work/Interno/Ninetwo-CRM/frappe-bench/env/lib/python3.12/site-packages/redis/retry.py", line 46, in call_with_retry
    return do()
           ^^^^
  File "/Users/eumoitinho/Work/Interno/Ninetwo-CRM/frappe-bench/env/lib/python3.12/site-packages/redis/connection.py", line 700, in <lambda>
    lambda: self._connect(), lambda error: self.disconnect(error)
            ^^^^^^^^^^^^^^^
  File "/Users/eumoitinho/Work/Interno/Ninetwo-CRM/frappe-bench/env/lib/python3.12/site-packages/redis/connection.py", line 1002, in _connect
    raise err
  File "/Users/eumoitinho/Work/Interno/Ninetwo-CRM/frappe-bench/env/lib/python3.12/site-packages/redis/connection.py", line 990, in _connect
    sock.connect(socket_address)
ConnectionRefusedError: [Errno 61] Connection refused

During handling of the above exception, another exception occurred:

Traceback (most recent call last):
  File "/Users/eumoitinho/Work/Interno/Ninetwo-CRM/frappe-bench/apps/frappe/frappe/utils/scheduler.py", line 102, in enqueue_events_for_site
    enqueue_events(site=site)
  File "/Users/eumoitinho/Work/Interno/Ninetwo-CRM/frappe-bench/apps/frappe/frappe/utils/scheduler.py", line 122, in enqueue_events
    if job_type.enqueue():
       ^^^^^^^^^^^^^^^^^^
  File "/Users/eumoitinho/Work/Interno/Ninetwo-CRM/frappe-bench/apps/frappe/frappe/core/doctype/scheduled_job_type/scheduled_job_type.py", line 74, in enqueue
    if not self.is_job_in_queue():
           ^^^^^^^^^^^^^^^^^^^^^^
  File "/Users/eumoitinho/Work/Interno/Ninetwo-CRM/frappe-bench/apps/frappe/frappe/core/doctype/scheduled_job_type/scheduled_job_type.py", line 95, in is_job_in_queue
    return is_job_enqueued(self.rq_job_id)
           ^^^^^^^^^^^^^^^^^^^^^^^^^^^^^^^
  File "/Users/eumoitinho/Work/Interno/Ninetwo-CRM/frappe-bench/apps/frappe/frappe/utils/background_jobs.py", line 568, in is_job_enqueued
    return get_job_status(job_id) in (JobStatus.QUEUED, JobStatus.STARTED)
           ^^^^^^^^^^^^^^^^^^^^^^
  File "/Users/eumoitinho/Work/Interno/Ninetwo-CRM/frappe-bench/apps/frappe/frappe/utils/background_jobs.py", line 573, in get_job_status
    job = get_job(job_id)
          ^^^^^^^^^^^^^^^
  File "/Users/eumoitinho/Work/Interno/Ninetwo-CRM/frappe-bench/apps/frappe/frappe/utils/background_jobs.py", line 580, in get_job
    return Job.fetch(create_job_id(job_id), connection=get_redis_conn())
           ^^^^^^^^^^^^^^^^^^^^^^^^^^^^^^^^^^^^^^^^^^^^^^^^^^^^^^^^^^^^^
  File "/Users/eumoitinho/Work/Interno/Ninetwo-CRM/frappe-bench/env/lib/python3.12/site-packages/rq/job.py", line 591, in fetch
    job.refresh()
  File "/Users/eumoitinho/Work/Interno/Ninetwo-CRM/frappe-bench/env/lib/python3.12/site-packages/rq/job.py", line 989, in refresh
    data = self.connection.hgetall(self.key)
           ^^^^^^^^^^^^^^^^^^^^^^^^^^^^^^^^^
  File "/Users/eumoitinho/Work/Interno/Ninetwo-CRM/frappe-bench/env/lib/python3.12/site-packages/redis/commands/core.py", line 4887, in hgetall
    return self.execute_command("HGETALL", name)
           ^^^^^^^^^^^^^^^^^^^^^^^^^^^^^^^^^^^^^
  File "/Users/eumoitinho/Work/Interno/Ninetwo-CRM/frappe-bench/env/lib/python3.12/site-packages/redis/client.py", line 1266, in execute_command
    conn = self.connection or pool.get_connection(command_name, **options)
                              ^^^^^^^^^^^^^^^^^^^^^^^^^^^^^^^^^^^^^^^^^^^^
  File "/Users/eumoitinho/Work/Interno/Ninetwo-CRM/frappe-bench/env/lib/python3.12/site-packages/redis/connection.py", line 1457, in get_connection
    connection.connect()
  File "/Users/eumoitinho/Work/Interno/Ninetwo-CRM/frappe-bench/env/lib/python3.12/site-packages/redis/connection.py", line 705, in connect
    raise ConnectionError(self._error_message(e))
redis.exceptions.ConnectionError: Error 61 connecting to 127.0.0.1:11000. Connection refused.
2025-11-14 21:22:54,396 ERROR scheduler Exception in Enqueue Events for Site crm.localhost
Traceback (most recent call last):
  File "/Users/eumoitinho/Work/Interno/Ninetwo-CRM/frappe-bench/env/lib/python3.12/site-packages/redis/connection.py", line 699, in connect
    sock = self.retry.call_with_retry(
           ^^^^^^^^^^^^^^^^^^^^^^^^^^^
  File "/Users/eumoitinho/Work/Interno/Ninetwo-CRM/frappe-bench/env/lib/python3.12/site-packages/redis/retry.py", line 46, in call_with_retry
    return do()
           ^^^^
  File "/Users/eumoitinho/Work/Interno/Ninetwo-CRM/frappe-bench/env/lib/python3.12/site-packages/redis/connection.py", line 700, in <lambda>
    lambda: self._connect(), lambda error: self.disconnect(error)
            ^^^^^^^^^^^^^^^
  File "/Users/eumoitinho/Work/Interno/Ninetwo-CRM/frappe-bench/env/lib/python3.12/site-packages/redis/connection.py", line 1002, in _connect
    raise err
  File "/Users/eumoitinho/Work/Interno/Ninetwo-CRM/frappe-bench/env/lib/python3.12/site-packages/redis/connection.py", line 990, in _connect
    sock.connect(socket_address)
ConnectionRefusedError: [Errno 61] Connection refused

During handling of the above exception, another exception occurred:

Traceback (most recent call last):
  File "/Users/eumoitinho/Work/Interno/Ninetwo-CRM/frappe-bench/apps/frappe/frappe/utils/scheduler.py", line 102, in enqueue_events_for_site
    enqueue_events(site=site)
  File "/Users/eumoitinho/Work/Interno/Ninetwo-CRM/frappe-bench/apps/frappe/frappe/utils/scheduler.py", line 122, in enqueue_events
    if job_type.enqueue():
       ^^^^^^^^^^^^^^^^^^
  File "/Users/eumoitinho/Work/Interno/Ninetwo-CRM/frappe-bench/apps/frappe/frappe/core/doctype/scheduled_job_type/scheduled_job_type.py", line 74, in enqueue
    if not self.is_job_in_queue():
           ^^^^^^^^^^^^^^^^^^^^^^
  File "/Users/eumoitinho/Work/Interno/Ninetwo-CRM/frappe-bench/apps/frappe/frappe/core/doctype/scheduled_job_type/scheduled_job_type.py", line 95, in is_job_in_queue
    return is_job_enqueued(self.rq_job_id)
           ^^^^^^^^^^^^^^^^^^^^^^^^^^^^^^^
  File "/Users/eumoitinho/Work/Interno/Ninetwo-CRM/frappe-bench/apps/frappe/frappe/utils/background_jobs.py", line 568, in is_job_enqueued
    return get_job_status(job_id) in (JobStatus.QUEUED, JobStatus.STARTED)
           ^^^^^^^^^^^^^^^^^^^^^^
  File "/Users/eumoitinho/Work/Interno/Ninetwo-CRM/frappe-bench/apps/frappe/frappe/utils/background_jobs.py", line 573, in get_job_status
    job = get_job(job_id)
          ^^^^^^^^^^^^^^^
  File "/Users/eumoitinho/Work/Interno/Ninetwo-CRM/frappe-bench/apps/frappe/frappe/utils/background_jobs.py", line 580, in get_job
    return Job.fetch(create_job_id(job_id), connection=get_redis_conn())
           ^^^^^^^^^^^^^^^^^^^^^^^^^^^^^^^^^^^^^^^^^^^^^^^^^^^^^^^^^^^^^
  File "/Users/eumoitinho/Work/Interno/Ninetwo-CRM/frappe-bench/env/lib/python3.12/site-packages/rq/job.py", line 591, in fetch
    job.refresh()
  File "/Users/eumoitinho/Work/Interno/Ninetwo-CRM/frappe-bench/env/lib/python3.12/site-packages/rq/job.py", line 989, in refresh
    data = self.connection.hgetall(self.key)
           ^^^^^^^^^^^^^^^^^^^^^^^^^^^^^^^^^
  File "/Users/eumoitinho/Work/Interno/Ninetwo-CRM/frappe-bench/env/lib/python3.12/site-packages/redis/commands/core.py", line 4887, in hgetall
    return self.execute_command("HGETALL", name)
           ^^^^^^^^^^^^^^^^^^^^^^^^^^^^^^^^^^^^^
  File "/Users/eumoitinho/Work/Interno/Ninetwo-CRM/frappe-bench/env/lib/python3.12/site-packages/redis/client.py", line 1266, in execute_command
    conn = self.connection or pool.get_connection(command_name, **options)
                              ^^^^^^^^^^^^^^^^^^^^^^^^^^^^^^^^^^^^^^^^^^^^
  File "/Users/eumoitinho/Work/Interno/Ninetwo-CRM/frappe-bench/env/lib/python3.12/site-packages/redis/connection.py", line 1457, in get_connection
    connection.connect()
  File "/Users/eumoitinho/Work/Interno/Ninetwo-CRM/frappe-bench/env/lib/python3.12/site-packages/redis/connection.py", line 705, in connect
    raise ConnectionError(self._error_message(e))
redis.exceptions.ConnectionError: Error 61 connecting to 127.0.0.1:11000. Connection refused.
2025-11-14 21:23:54,638 ERROR scheduler Exception in Enqueue Events for Site crm.localhost
Traceback (most recent call last):
  File "/Users/eumoitinho/Work/Interno/Ninetwo-CRM/frappe-bench/env/lib/python3.12/site-packages/redis/connection.py", line 699, in connect
    sock = self.retry.call_with_retry(
           ^^^^^^^^^^^^^^^^^^^^^^^^^^^
  File "/Users/eumoitinho/Work/Interno/Ninetwo-CRM/frappe-bench/env/lib/python3.12/site-packages/redis/retry.py", line 46, in call_with_retry
    return do()
           ^^^^
  File "/Users/eumoitinho/Work/Interno/Ninetwo-CRM/frappe-bench/env/lib/python3.12/site-packages/redis/connection.py", line 700, in <lambda>
    lambda: self._connect(), lambda error: self.disconnect(error)
            ^^^^^^^^^^^^^^^
  File "/Users/eumoitinho/Work/Interno/Ninetwo-CRM/frappe-bench/env/lib/python3.12/site-packages/redis/connection.py", line 1002, in _connect
    raise err
  File "/Users/eumoitinho/Work/Interno/Ninetwo-CRM/frappe-bench/env/lib/python3.12/site-packages/redis/connection.py", line 990, in _connect
    sock.connect(socket_address)
ConnectionRefusedError: [Errno 61] Connection refused

During handling of the above exception, another exception occurred:

Traceback (most recent call last):
  File "/Users/eumoitinho/Work/Interno/Ninetwo-CRM/frappe-bench/apps/frappe/frappe/utils/scheduler.py", line 102, in enqueue_events_for_site
    enqueue_events(site=site)
  File "/Users/eumoitinho/Work/Interno/Ninetwo-CRM/frappe-bench/apps/frappe/frappe/utils/scheduler.py", line 122, in enqueue_events
    if job_type.enqueue():
       ^^^^^^^^^^^^^^^^^^
  File "/Users/eumoitinho/Work/Interno/Ninetwo-CRM/frappe-bench/apps/frappe/frappe/core/doctype/scheduled_job_type/scheduled_job_type.py", line 74, in enqueue
    if not self.is_job_in_queue():
           ^^^^^^^^^^^^^^^^^^^^^^
  File "/Users/eumoitinho/Work/Interno/Ninetwo-CRM/frappe-bench/apps/frappe/frappe/core/doctype/scheduled_job_type/scheduled_job_type.py", line 95, in is_job_in_queue
    return is_job_enqueued(self.rq_job_id)
           ^^^^^^^^^^^^^^^^^^^^^^^^^^^^^^^
  File "/Users/eumoitinho/Work/Interno/Ninetwo-CRM/frappe-bench/apps/frappe/frappe/utils/background_jobs.py", line 568, in is_job_enqueued
    return get_job_status(job_id) in (JobStatus.QUEUED, JobStatus.STARTED)
           ^^^^^^^^^^^^^^^^^^^^^^
  File "/Users/eumoitinho/Work/Interno/Ninetwo-CRM/frappe-bench/apps/frappe/frappe/utils/background_jobs.py", line 573, in get_job_status
    job = get_job(job_id)
          ^^^^^^^^^^^^^^^
  File "/Users/eumoitinho/Work/Interno/Ninetwo-CRM/frappe-bench/apps/frappe/frappe/utils/background_jobs.py", line 580, in get_job
    return Job.fetch(create_job_id(job_id), connection=get_redis_conn())
           ^^^^^^^^^^^^^^^^^^^^^^^^^^^^^^^^^^^^^^^^^^^^^^^^^^^^^^^^^^^^^
  File "/Users/eumoitinho/Work/Interno/Ninetwo-CRM/frappe-bench/env/lib/python3.12/site-packages/rq/job.py", line 591, in fetch
    job.refresh()
  File "/Users/eumoitinho/Work/Interno/Ninetwo-CRM/frappe-bench/env/lib/python3.12/site-packages/rq/job.py", line 989, in refresh
    data = self.connection.hgetall(self.key)
           ^^^^^^^^^^^^^^^^^^^^^^^^^^^^^^^^^
  File "/Users/eumoitinho/Work/Interno/Ninetwo-CRM/frappe-bench/env/lib/python3.12/site-packages/redis/commands/core.py", line 4887, in hgetall
    return self.execute_command("HGETALL", name)
           ^^^^^^^^^^^^^^^^^^^^^^^^^^^^^^^^^^^^^
  File "/Users/eumoitinho/Work/Interno/Ninetwo-CRM/frappe-bench/env/lib/python3.12/site-packages/redis/client.py", line 1266, in execute_command
    conn = self.connection or pool.get_connection(command_name, **options)
                              ^^^^^^^^^^^^^^^^^^^^^^^^^^^^^^^^^^^^^^^^^^^^
  File "/Users/eumoitinho/Work/Interno/Ninetwo-CRM/frappe-bench/env/lib/python3.12/site-packages/redis/connection.py", line 1457, in get_connection
    connection.connect()
  File "/Users/eumoitinho/Work/Interno/Ninetwo-CRM/frappe-bench/env/lib/python3.12/site-packages/redis/connection.py", line 705, in connect
    raise ConnectionError(self._error_message(e))
redis.exceptions.ConnectionError: Error 61 connecting to 127.0.0.1:11000. Connection refused.
2025-11-14 21:24:54,890 ERROR scheduler Exception in Enqueue Events for Site crm.localhost
Traceback (most recent call last):
  File "/Users/eumoitinho/Work/Interno/Ninetwo-CRM/frappe-bench/env/lib/python3.12/site-packages/redis/connection.py", line 699, in connect
    sock = self.retry.call_with_retry(
           ^^^^^^^^^^^^^^^^^^^^^^^^^^^
  File "/Users/eumoitinho/Work/Interno/Ninetwo-CRM/frappe-bench/env/lib/python3.12/site-packages/redis/retry.py", line 46, in call_with_retry
    return do()
           ^^^^
  File "/Users/eumoitinho/Work/Interno/Ninetwo-CRM/frappe-bench/env/lib/python3.12/site-packages/redis/connection.py", line 700, in <lambda>
    lambda: self._connect(), lambda error: self.disconnect(error)
            ^^^^^^^^^^^^^^^
  File "/Users/eumoitinho/Work/Interno/Ninetwo-CRM/frappe-bench/env/lib/python3.12/site-packages/redis/connection.py", line 1002, in _connect
    raise err
  File "/Users/eumoitinho/Work/Interno/Ninetwo-CRM/frappe-bench/env/lib/python3.12/site-packages/redis/connection.py", line 990, in _connect
    sock.connect(socket_address)
ConnectionRefusedError: [Errno 61] Connection refused

During handling of the above exception, another exception occurred:

Traceback (most recent call last):
  File "/Users/eumoitinho/Work/Interno/Ninetwo-CRM/frappe-bench/apps/frappe/frappe/utils/scheduler.py", line 102, in enqueue_events_for_site
    enqueue_events(site=site)
  File "/Users/eumoitinho/Work/Interno/Ninetwo-CRM/frappe-bench/apps/frappe/frappe/utils/scheduler.py", line 122, in enqueue_events
    if job_type.enqueue():
       ^^^^^^^^^^^^^^^^^^
  File "/Users/eumoitinho/Work/Interno/Ninetwo-CRM/frappe-bench/apps/frappe/frappe/core/doctype/scheduled_job_type/scheduled_job_type.py", line 74, in enqueue
    if not self.is_job_in_queue():
           ^^^^^^^^^^^^^^^^^^^^^^
  File "/Users/eumoitinho/Work/Interno/Ninetwo-CRM/frappe-bench/apps/frappe/frappe/core/doctype/scheduled_job_type/scheduled_job_type.py", line 95, in is_job_in_queue
    return is_job_enqueued(self.rq_job_id)
           ^^^^^^^^^^^^^^^^^^^^^^^^^^^^^^^
  File "/Users/eumoitinho/Work/Interno/Ninetwo-CRM/frappe-bench/apps/frappe/frappe/utils/background_jobs.py", line 568, in is_job_enqueued
    return get_job_status(job_id) in (JobStatus.QUEUED, JobStatus.STARTED)
           ^^^^^^^^^^^^^^^^^^^^^^
  File "/Users/eumoitinho/Work/Interno/Ninetwo-CRM/frappe-bench/apps/frappe/frappe/utils/background_jobs.py", line 573, in get_job_status
    job = get_job(job_id)
          ^^^^^^^^^^^^^^^
  File "/Users/eumoitinho/Work/Interno/Ninetwo-CRM/frappe-bench/apps/frappe/frappe/utils/background_jobs.py", line 580, in get_job
    return Job.fetch(create_job_id(job_id), connection=get_redis_conn())
           ^^^^^^^^^^^^^^^^^^^^^^^^^^^^^^^^^^^^^^^^^^^^^^^^^^^^^^^^^^^^^
  File "/Users/eumoitinho/Work/Interno/Ninetwo-CRM/frappe-bench/env/lib/python3.12/site-packages/rq/job.py", line 591, in fetch
    job.refresh()
  File "/Users/eumoitinho/Work/Interno/Ninetwo-CRM/frappe-bench/env/lib/python3.12/site-packages/rq/job.py", line 989, in refresh
    data = self.connection.hgetall(self.key)
           ^^^^^^^^^^^^^^^^^^^^^^^^^^^^^^^^^
  File "/Users/eumoitinho/Work/Interno/Ninetwo-CRM/frappe-bench/env/lib/python3.12/site-packages/redis/commands/core.py", line 4887, in hgetall
    return self.execute_command("HGETALL", name)
           ^^^^^^^^^^^^^^^^^^^^^^^^^^^^^^^^^^^^^
  File "/Users/eumoitinho/Work/Interno/Ninetwo-CRM/frappe-bench/env/lib/python3.12/site-packages/redis/client.py", line 1266, in execute_command
    conn = self.connection or pool.get_connection(command_name, **options)
                              ^^^^^^^^^^^^^^^^^^^^^^^^^^^^^^^^^^^^^^^^^^^^
  File "/Users/eumoitinho/Work/Interno/Ninetwo-CRM/frappe-bench/env/lib/python3.12/site-packages/redis/connection.py", line 1457, in get_connection
    connection.connect()
  File "/Users/eumoitinho/Work/Interno/Ninetwo-CRM/frappe-bench/env/lib/python3.12/site-packages/redis/connection.py", line 705, in connect
    raise ConnectionError(self._error_message(e))
redis.exceptions.ConnectionError: Error 61 connecting to 127.0.0.1:11000. Connection refused.
2025-11-14 21:25:55,196 ERROR scheduler Exception in Enqueue Events for Site crm.localhost
Traceback (most recent call last):
  File "/Users/eumoitinho/Work/Interno/Ninetwo-CRM/frappe-bench/env/lib/python3.12/site-packages/redis/connection.py", line 699, in connect
    sock = self.retry.call_with_retry(
           ^^^^^^^^^^^^^^^^^^^^^^^^^^^
  File "/Users/eumoitinho/Work/Interno/Ninetwo-CRM/frappe-bench/env/lib/python3.12/site-packages/redis/retry.py", line 46, in call_with_retry
    return do()
           ^^^^
  File "/Users/eumoitinho/Work/Interno/Ninetwo-CRM/frappe-bench/env/lib/python3.12/site-packages/redis/connection.py", line 700, in <lambda>
    lambda: self._connect(), lambda error: self.disconnect(error)
            ^^^^^^^^^^^^^^^
  File "/Users/eumoitinho/Work/Interno/Ninetwo-CRM/frappe-bench/env/lib/python3.12/site-packages/redis/connection.py", line 1002, in _connect
    raise err
  File "/Users/eumoitinho/Work/Interno/Ninetwo-CRM/frappe-bench/env/lib/python3.12/site-packages/redis/connection.py", line 990, in _connect
    sock.connect(socket_address)
ConnectionRefusedError: [Errno 61] Connection refused

During handling of the above exception, another exception occurred:

Traceback (most recent call last):
  File "/Users/eumoitinho/Work/Interno/Ninetwo-CRM/frappe-bench/apps/frappe/frappe/utils/scheduler.py", line 102, in enqueue_events_for_site
    enqueue_events(site=site)
  File "/Users/eumoitinho/Work/Interno/Ninetwo-CRM/frappe-bench/apps/frappe/frappe/utils/scheduler.py", line 122, in enqueue_events
    if job_type.enqueue():
       ^^^^^^^^^^^^^^^^^^
  File "/Users/eumoitinho/Work/Interno/Ninetwo-CRM/frappe-bench/apps/frappe/frappe/core/doctype/scheduled_job_type/scheduled_job_type.py", line 74, in enqueue
    if not self.is_job_in_queue():
           ^^^^^^^^^^^^^^^^^^^^^^
  File "/Users/eumoitinho/Work/Interno/Ninetwo-CRM/frappe-bench/apps/frappe/frappe/core/doctype/scheduled_job_type/scheduled_job_type.py", line 95, in is_job_in_queue
    return is_job_enqueued(self.rq_job_id)
           ^^^^^^^^^^^^^^^^^^^^^^^^^^^^^^^
  File "/Users/eumoitinho/Work/Interno/Ninetwo-CRM/frappe-bench/apps/frappe/frappe/utils/background_jobs.py", line 568, in is_job_enqueued
    return get_job_status(job_id) in (JobStatus.QUEUED, JobStatus.STARTED)
           ^^^^^^^^^^^^^^^^^^^^^^
  File "/Users/eumoitinho/Work/Interno/Ninetwo-CRM/frappe-bench/apps/frappe/frappe/utils/background_jobs.py", line 573, in get_job_status
    job = get_job(job_id)
          ^^^^^^^^^^^^^^^
  File "/Users/eumoitinho/Work/Interno/Ninetwo-CRM/frappe-bench/apps/frappe/frappe/utils/background_jobs.py", line 580, in get_job
    return Job.fetch(create_job_id(job_id), connection=get_redis_conn())
           ^^^^^^^^^^^^^^^^^^^^^^^^^^^^^^^^^^^^^^^^^^^^^^^^^^^^^^^^^^^^^
  File "/Users/eumoitinho/Work/Interno/Ninetwo-CRM/frappe-bench/env/lib/python3.12/site-packages/rq/job.py", line 591, in fetch
    job.refresh()
  File "/Users/eumoitinho/Work/Interno/Ninetwo-CRM/frappe-bench/env/lib/python3.12/site-packages/rq/job.py", line 989, in refresh
    data = self.connection.hgetall(self.key)
           ^^^^^^^^^^^^^^^^^^^^^^^^^^^^^^^^^
  File "/Users/eumoitinho/Work/Interno/Ninetwo-CRM/frappe-bench/env/lib/python3.12/site-packages/redis/commands/core.py", line 4887, in hgetall
    return self.execute_command("HGETALL", name)
           ^^^^^^^^^^^^^^^^^^^^^^^^^^^^^^^^^^^^^
  File "/Users/eumoitinho/Work/Interno/Ninetwo-CRM/frappe-bench/env/lib/python3.12/site-packages/redis/client.py", line 1266, in execute_command
    conn = self.connection or pool.get_connection(command_name, **options)
                              ^^^^^^^^^^^^^^^^^^^^^^^^^^^^^^^^^^^^^^^^^^^^
  File "/Users/eumoitinho/Work/Interno/Ninetwo-CRM/frappe-bench/env/lib/python3.12/site-packages/redis/connection.py", line 1457, in get_connection
    connection.connect()
  File "/Users/eumoitinho/Work/Interno/Ninetwo-CRM/frappe-bench/env/lib/python3.12/site-packages/redis/connection.py", line 705, in connect
    raise ConnectionError(self._error_message(e))
redis.exceptions.ConnectionError: Error 61 connecting to 127.0.0.1:11000. Connection refused.
2025-11-14 21:26:55,298 ERROR scheduler Exception in Enqueue Events for Site crm.localhost
Traceback (most recent call last):
  File "/Users/eumoitinho/Work/Interno/Ninetwo-CRM/frappe-bench/env/lib/python3.12/site-packages/redis/connection.py", line 699, in connect
    sock = self.retry.call_with_retry(
           ^^^^^^^^^^^^^^^^^^^^^^^^^^^
  File "/Users/eumoitinho/Work/Interno/Ninetwo-CRM/frappe-bench/env/lib/python3.12/site-packages/redis/retry.py", line 46, in call_with_retry
    return do()
           ^^^^
  File "/Users/eumoitinho/Work/Interno/Ninetwo-CRM/frappe-bench/env/lib/python3.12/site-packages/redis/connection.py", line 700, in <lambda>
    lambda: self._connect(), lambda error: self.disconnect(error)
            ^^^^^^^^^^^^^^^
  File "/Users/eumoitinho/Work/Interno/Ninetwo-CRM/frappe-bench/env/lib/python3.12/site-packages/redis/connection.py", line 1002, in _connect
    raise err
  File "/Users/eumoitinho/Work/Interno/Ninetwo-CRM/frappe-bench/env/lib/python3.12/site-packages/redis/connection.py", line 990, in _connect
    sock.connect(socket_address)
ConnectionRefusedError: [Errno 61] Connection refused

During handling of the above exception, another exception occurred:

Traceback (most recent call last):
  File "/Users/eumoitinho/Work/Interno/Ninetwo-CRM/frappe-bench/apps/frappe/frappe/utils/scheduler.py", line 102, in enqueue_events_for_site
    enqueue_events(site=site)
  File "/Users/eumoitinho/Work/Interno/Ninetwo-CRM/frappe-bench/apps/frappe/frappe/utils/scheduler.py", line 122, in enqueue_events
    if job_type.enqueue():
       ^^^^^^^^^^^^^^^^^^
  File "/Users/eumoitinho/Work/Interno/Ninetwo-CRM/frappe-bench/apps/frappe/frappe/core/doctype/scheduled_job_type/scheduled_job_type.py", line 74, in enqueue
    if not self.is_job_in_queue():
           ^^^^^^^^^^^^^^^^^^^^^^
  File "/Users/eumoitinho/Work/Interno/Ninetwo-CRM/frappe-bench/apps/frappe/frappe/core/doctype/scheduled_job_type/scheduled_job_type.py", line 95, in is_job_in_queue
    return is_job_enqueued(self.rq_job_id)
           ^^^^^^^^^^^^^^^^^^^^^^^^^^^^^^^
  File "/Users/eumoitinho/Work/Interno/Ninetwo-CRM/frappe-bench/apps/frappe/frappe/utils/background_jobs.py", line 568, in is_job_enqueued
    return get_job_status(job_id) in (JobStatus.QUEUED, JobStatus.STARTED)
           ^^^^^^^^^^^^^^^^^^^^^^
  File "/Users/eumoitinho/Work/Interno/Ninetwo-CRM/frappe-bench/apps/frappe/frappe/utils/background_jobs.py", line 573, in get_job_status
    job = get_job(job_id)
          ^^^^^^^^^^^^^^^
  File "/Users/eumoitinho/Work/Interno/Ninetwo-CRM/frappe-bench/apps/frappe/frappe/utils/background_jobs.py", line 580, in get_job
    return Job.fetch(create_job_id(job_id), connection=get_redis_conn())
           ^^^^^^^^^^^^^^^^^^^^^^^^^^^^^^^^^^^^^^^^^^^^^^^^^^^^^^^^^^^^^
  File "/Users/eumoitinho/Work/Interno/Ninetwo-CRM/frappe-bench/env/lib/python3.12/site-packages/rq/job.py", line 591, in fetch
    job.refresh()
  File "/Users/eumoitinho/Work/Interno/Ninetwo-CRM/frappe-bench/env/lib/python3.12/site-packages/rq/job.py", line 989, in refresh
    data = self.connection.hgetall(self.key)
           ^^^^^^^^^^^^^^^^^^^^^^^^^^^^^^^^^
  File "/Users/eumoitinho/Work/Interno/Ninetwo-CRM/frappe-bench/env/lib/python3.12/site-packages/redis/commands/core.py", line 4887, in hgetall
    return self.execute_command("HGETALL", name)
           ^^^^^^^^^^^^^^^^^^^^^^^^^^^^^^^^^^^^^
  File "/Users/eumoitinho/Work/Interno/Ninetwo-CRM/frappe-bench/env/lib/python3.12/site-packages/redis/client.py", line 1266, in execute_command
    conn = self.connection or pool.get_connection(command_name, **options)
                              ^^^^^^^^^^^^^^^^^^^^^^^^^^^^^^^^^^^^^^^^^^^^
  File "/Users/eumoitinho/Work/Interno/Ninetwo-CRM/frappe-bench/env/lib/python3.12/site-packages/redis/connection.py", line 1457, in get_connection
    connection.connect()
  File "/Users/eumoitinho/Work/Interno/Ninetwo-CRM/frappe-bench/env/lib/python3.12/site-packages/redis/connection.py", line 705, in connect
    raise ConnectionError(self._error_message(e))
redis.exceptions.ConnectionError: Error 61 connecting to 127.0.0.1:11000. Connection refused.
2025-11-14 21:27:55,758 ERROR scheduler Exception in Enqueue Events for Site crm.localhost
Traceback (most recent call last):
  File "/Users/eumoitinho/Work/Interno/Ninetwo-CRM/frappe-bench/env/lib/python3.12/site-packages/redis/connection.py", line 699, in connect
    sock = self.retry.call_with_retry(
           ^^^^^^^^^^^^^^^^^^^^^^^^^^^
  File "/Users/eumoitinho/Work/Interno/Ninetwo-CRM/frappe-bench/env/lib/python3.12/site-packages/redis/retry.py", line 46, in call_with_retry
    return do()
           ^^^^
  File "/Users/eumoitinho/Work/Interno/Ninetwo-CRM/frappe-bench/env/lib/python3.12/site-packages/redis/connection.py", line 700, in <lambda>
    lambda: self._connect(), lambda error: self.disconnect(error)
            ^^^^^^^^^^^^^^^
  File "/Users/eumoitinho/Work/Interno/Ninetwo-CRM/frappe-bench/env/lib/python3.12/site-packages/redis/connection.py", line 1002, in _connect
    raise err
  File "/Users/eumoitinho/Work/Interno/Ninetwo-CRM/frappe-bench/env/lib/python3.12/site-packages/redis/connection.py", line 990, in _connect
    sock.connect(socket_address)
ConnectionRefusedError: [Errno 61] Connection refused

During handling of the above exception, another exception occurred:

Traceback (most recent call last):
  File "/Users/eumoitinho/Work/Interno/Ninetwo-CRM/frappe-bench/apps/frappe/frappe/utils/scheduler.py", line 102, in enqueue_events_for_site
    enqueue_events(site=site)
  File "/Users/eumoitinho/Work/Interno/Ninetwo-CRM/frappe-bench/apps/frappe/frappe/utils/scheduler.py", line 122, in enqueue_events
    if job_type.enqueue():
       ^^^^^^^^^^^^^^^^^^
  File "/Users/eumoitinho/Work/Interno/Ninetwo-CRM/frappe-bench/apps/frappe/frappe/core/doctype/scheduled_job_type/scheduled_job_type.py", line 74, in enqueue
    if not self.is_job_in_queue():
           ^^^^^^^^^^^^^^^^^^^^^^
  File "/Users/eumoitinho/Work/Interno/Ninetwo-CRM/frappe-bench/apps/frappe/frappe/core/doctype/scheduled_job_type/scheduled_job_type.py", line 95, in is_job_in_queue
    return is_job_enqueued(self.rq_job_id)
           ^^^^^^^^^^^^^^^^^^^^^^^^^^^^^^^
  File "/Users/eumoitinho/Work/Interno/Ninetwo-CRM/frappe-bench/apps/frappe/frappe/utils/background_jobs.py", line 568, in is_job_enqueued
    return get_job_status(job_id) in (JobStatus.QUEUED, JobStatus.STARTED)
           ^^^^^^^^^^^^^^^^^^^^^^
  File "/Users/eumoitinho/Work/Interno/Ninetwo-CRM/frappe-bench/apps/frappe/frappe/utils/background_jobs.py", line 573, in get_job_status
    job = get_job(job_id)
          ^^^^^^^^^^^^^^^
  File "/Users/eumoitinho/Work/Interno/Ninetwo-CRM/frappe-bench/apps/frappe/frappe/utils/background_jobs.py", line 580, in get_job
    return Job.fetch(create_job_id(job_id), connection=get_redis_conn())
           ^^^^^^^^^^^^^^^^^^^^^^^^^^^^^^^^^^^^^^^^^^^^^^^^^^^^^^^^^^^^^
  File "/Users/eumoitinho/Work/Interno/Ninetwo-CRM/frappe-bench/env/lib/python3.12/site-packages/rq/job.py", line 591, in fetch
    job.refresh()
  File "/Users/eumoitinho/Work/Interno/Ninetwo-CRM/frappe-bench/env/lib/python3.12/site-packages/rq/job.py", line 989, in refresh
    data = self.connection.hgetall(self.key)
           ^^^^^^^^^^^^^^^^^^^^^^^^^^^^^^^^^
  File "/Users/eumoitinho/Work/Interno/Ninetwo-CRM/frappe-bench/env/lib/python3.12/site-packages/redis/commands/core.py", line 4887, in hgetall
    return self.execute_command("HGETALL", name)
           ^^^^^^^^^^^^^^^^^^^^^^^^^^^^^^^^^^^^^
  File "/Users/eumoitinho/Work/Interno/Ninetwo-CRM/frappe-bench/env/lib/python3.12/site-packages/redis/client.py", line 1266, in execute_command
    conn = self.connection or pool.get_connection(command_name, **options)
                              ^^^^^^^^^^^^^^^^^^^^^^^^^^^^^^^^^^^^^^^^^^^^
  File "/Users/eumoitinho/Work/Interno/Ninetwo-CRM/frappe-bench/env/lib/python3.12/site-packages/redis/connection.py", line 1457, in get_connection
    connection.connect()
  File "/Users/eumoitinho/Work/Interno/Ninetwo-CRM/frappe-bench/env/lib/python3.12/site-packages/redis/connection.py", line 705, in connect
    raise ConnectionError(self._error_message(e))
redis.exceptions.ConnectionError: Error 61 connecting to 127.0.0.1:11000. Connection refused.
2025-11-14 21:28:55,992 ERROR scheduler Exception in Enqueue Events for Site crm.localhost
Traceback (most recent call last):
  File "/Users/eumoitinho/Work/Interno/Ninetwo-CRM/frappe-bench/env/lib/python3.12/site-packages/redis/connection.py", line 699, in connect
    sock = self.retry.call_with_retry(
           ^^^^^^^^^^^^^^^^^^^^^^^^^^^
  File "/Users/eumoitinho/Work/Interno/Ninetwo-CRM/frappe-bench/env/lib/python3.12/site-packages/redis/retry.py", line 46, in call_with_retry
    return do()
           ^^^^
  File "/Users/eumoitinho/Work/Interno/Ninetwo-CRM/frappe-bench/env/lib/python3.12/site-packages/redis/connection.py", line 700, in <lambda>
    lambda: self._connect(), lambda error: self.disconnect(error)
            ^^^^^^^^^^^^^^^
  File "/Users/eumoitinho/Work/Interno/Ninetwo-CRM/frappe-bench/env/lib/python3.12/site-packages/redis/connection.py", line 1002, in _connect
    raise err
  File "/Users/eumoitinho/Work/Interno/Ninetwo-CRM/frappe-bench/env/lib/python3.12/site-packages/redis/connection.py", line 990, in _connect
    sock.connect(socket_address)
ConnectionRefusedError: [Errno 61] Connection refused

During handling of the above exception, another exception occurred:

Traceback (most recent call last):
  File "/Users/eumoitinho/Work/Interno/Ninetwo-CRM/frappe-bench/apps/frappe/frappe/utils/scheduler.py", line 102, in enqueue_events_for_site
    enqueue_events(site=site)
  File "/Users/eumoitinho/Work/Interno/Ninetwo-CRM/frappe-bench/apps/frappe/frappe/utils/scheduler.py", line 122, in enqueue_events
    if job_type.enqueue():
       ^^^^^^^^^^^^^^^^^^
  File "/Users/eumoitinho/Work/Interno/Ninetwo-CRM/frappe-bench/apps/frappe/frappe/core/doctype/scheduled_job_type/scheduled_job_type.py", line 74, in enqueue
    if not self.is_job_in_queue():
           ^^^^^^^^^^^^^^^^^^^^^^
  File "/Users/eumoitinho/Work/Interno/Ninetwo-CRM/frappe-bench/apps/frappe/frappe/core/doctype/scheduled_job_type/scheduled_job_type.py", line 95, in is_job_in_queue
    return is_job_enqueued(self.rq_job_id)
           ^^^^^^^^^^^^^^^^^^^^^^^^^^^^^^^
  File "/Users/eumoitinho/Work/Interno/Ninetwo-CRM/frappe-bench/apps/frappe/frappe/utils/background_jobs.py", line 568, in is_job_enqueued
    return get_job_status(job_id) in (JobStatus.QUEUED, JobStatus.STARTED)
           ^^^^^^^^^^^^^^^^^^^^^^
  File "/Users/eumoitinho/Work/Interno/Ninetwo-CRM/frappe-bench/apps/frappe/frappe/utils/background_jobs.py", line 573, in get_job_status
    job = get_job(job_id)
          ^^^^^^^^^^^^^^^
  File "/Users/eumoitinho/Work/Interno/Ninetwo-CRM/frappe-bench/apps/frappe/frappe/utils/background_jobs.py", line 580, in get_job
    return Job.fetch(create_job_id(job_id), connection=get_redis_conn())
           ^^^^^^^^^^^^^^^^^^^^^^^^^^^^^^^^^^^^^^^^^^^^^^^^^^^^^^^^^^^^^
  File "/Users/eumoitinho/Work/Interno/Ninetwo-CRM/frappe-bench/env/lib/python3.12/site-packages/rq/job.py", line 591, in fetch
    job.refresh()
  File "/Users/eumoitinho/Work/Interno/Ninetwo-CRM/frappe-bench/env/lib/python3.12/site-packages/rq/job.py", line 989, in refresh
    data = self.connection.hgetall(self.key)
           ^^^^^^^^^^^^^^^^^^^^^^^^^^^^^^^^^
  File "/Users/eumoitinho/Work/Interno/Ninetwo-CRM/frappe-bench/env/lib/python3.12/site-packages/redis/commands/core.py", line 4887, in hgetall
    return self.execute_command("HGETALL", name)
           ^^^^^^^^^^^^^^^^^^^^^^^^^^^^^^^^^^^^^
  File "/Users/eumoitinho/Work/Interno/Ninetwo-CRM/frappe-bench/env/lib/python3.12/site-packages/redis/client.py", line 1266, in execute_command
    conn = self.connection or pool.get_connection(command_name, **options)
                              ^^^^^^^^^^^^^^^^^^^^^^^^^^^^^^^^^^^^^^^^^^^^
  File "/Users/eumoitinho/Work/Interno/Ninetwo-CRM/frappe-bench/env/lib/python3.12/site-packages/redis/connection.py", line 1457, in get_connection
    connection.connect()
  File "/Users/eumoitinho/Work/Interno/Ninetwo-CRM/frappe-bench/env/lib/python3.12/site-packages/redis/connection.py", line 705, in connect
    raise ConnectionError(self._error_message(e))
redis.exceptions.ConnectionError: Error 61 connecting to 127.0.0.1:11000. Connection refused.
2025-11-14 21:29:56,102 ERROR scheduler Exception in Enqueue Events for Site crm.localhost
Traceback (most recent call last):
  File "/Users/eumoitinho/Work/Interno/Ninetwo-CRM/frappe-bench/env/lib/python3.12/site-packages/redis/connection.py", line 699, in connect
    sock = self.retry.call_with_retry(
           ^^^^^^^^^^^^^^^^^^^^^^^^^^^
  File "/Users/eumoitinho/Work/Interno/Ninetwo-CRM/frappe-bench/env/lib/python3.12/site-packages/redis/retry.py", line 46, in call_with_retry
    return do()
           ^^^^
  File "/Users/eumoitinho/Work/Interno/Ninetwo-CRM/frappe-bench/env/lib/python3.12/site-packages/redis/connection.py", line 700, in <lambda>
    lambda: self._connect(), lambda error: self.disconnect(error)
            ^^^^^^^^^^^^^^^
  File "/Users/eumoitinho/Work/Interno/Ninetwo-CRM/frappe-bench/env/lib/python3.12/site-packages/redis/connection.py", line 1002, in _connect
    raise err
  File "/Users/eumoitinho/Work/Interno/Ninetwo-CRM/frappe-bench/env/lib/python3.12/site-packages/redis/connection.py", line 990, in _connect
    sock.connect(socket_address)
ConnectionRefusedError: [Errno 61] Connection refused

During handling of the above exception, another exception occurred:

Traceback (most recent call last):
  File "/Users/eumoitinho/Work/Interno/Ninetwo-CRM/frappe-bench/apps/frappe/frappe/utils/scheduler.py", line 102, in enqueue_events_for_site
    enqueue_events(site=site)
  File "/Users/eumoitinho/Work/Interno/Ninetwo-CRM/frappe-bench/apps/frappe/frappe/utils/scheduler.py", line 122, in enqueue_events
    if job_type.enqueue():
       ^^^^^^^^^^^^^^^^^^
  File "/Users/eumoitinho/Work/Interno/Ninetwo-CRM/frappe-bench/apps/frappe/frappe/core/doctype/scheduled_job_type/scheduled_job_type.py", line 74, in enqueue
    if not self.is_job_in_queue():
           ^^^^^^^^^^^^^^^^^^^^^^
  File "/Users/eumoitinho/Work/Interno/Ninetwo-CRM/frappe-bench/apps/frappe/frappe/core/doctype/scheduled_job_type/scheduled_job_type.py", line 95, in is_job_in_queue
    return is_job_enqueued(self.rq_job_id)
           ^^^^^^^^^^^^^^^^^^^^^^^^^^^^^^^
  File "/Users/eumoitinho/Work/Interno/Ninetwo-CRM/frappe-bench/apps/frappe/frappe/utils/background_jobs.py", line 568, in is_job_enqueued
    return get_job_status(job_id) in (JobStatus.QUEUED, JobStatus.STARTED)
           ^^^^^^^^^^^^^^^^^^^^^^
  File "/Users/eumoitinho/Work/Interno/Ninetwo-CRM/frappe-bench/apps/frappe/frappe/utils/background_jobs.py", line 573, in get_job_status
    job = get_job(job_id)
          ^^^^^^^^^^^^^^^
  File "/Users/eumoitinho/Work/Interno/Ninetwo-CRM/frappe-bench/apps/frappe/frappe/utils/background_jobs.py", line 580, in get_job
    return Job.fetch(create_job_id(job_id), connection=get_redis_conn())
           ^^^^^^^^^^^^^^^^^^^^^^^^^^^^^^^^^^^^^^^^^^^^^^^^^^^^^^^^^^^^^
  File "/Users/eumoitinho/Work/Interno/Ninetwo-CRM/frappe-bench/env/lib/python3.12/site-packages/rq/job.py", line 591, in fetch
    job.refresh()
  File "/Users/eumoitinho/Work/Interno/Ninetwo-CRM/frappe-bench/env/lib/python3.12/site-packages/rq/job.py", line 989, in refresh
    data = self.connection.hgetall(self.key)
           ^^^^^^^^^^^^^^^^^^^^^^^^^^^^^^^^^
  File "/Users/eumoitinho/Work/Interno/Ninetwo-CRM/frappe-bench/env/lib/python3.12/site-packages/redis/commands/core.py", line 4887, in hgetall
    return self.execute_command("HGETALL", name)
           ^^^^^^^^^^^^^^^^^^^^^^^^^^^^^^^^^^^^^
  File "/Users/eumoitinho/Work/Interno/Ninetwo-CRM/frappe-bench/env/lib/python3.12/site-packages/redis/client.py", line 1266, in execute_command
    conn = self.connection or pool.get_connection(command_name, **options)
                              ^^^^^^^^^^^^^^^^^^^^^^^^^^^^^^^^^^^^^^^^^^^^
  File "/Users/eumoitinho/Work/Interno/Ninetwo-CRM/frappe-bench/env/lib/python3.12/site-packages/redis/connection.py", line 1457, in get_connection
    connection.connect()
  File "/Users/eumoitinho/Work/Interno/Ninetwo-CRM/frappe-bench/env/lib/python3.12/site-packages/redis/connection.py", line 705, in connect
    raise ConnectionError(self._error_message(e))
redis.exceptions.ConnectionError: Error 61 connecting to 127.0.0.1:11000. Connection refused.
2025-11-14 21:30:56,389 ERROR scheduler Exception in Enqueue Events for Site crm.localhost
Traceback (most recent call last):
  File "/Users/eumoitinho/Work/Interno/Ninetwo-CRM/frappe-bench/env/lib/python3.12/site-packages/redis/connection.py", line 699, in connect
    sock = self.retry.call_with_retry(
           ^^^^^^^^^^^^^^^^^^^^^^^^^^^
  File "/Users/eumoitinho/Work/Interno/Ninetwo-CRM/frappe-bench/env/lib/python3.12/site-packages/redis/retry.py", line 46, in call_with_retry
    return do()
           ^^^^
  File "/Users/eumoitinho/Work/Interno/Ninetwo-CRM/frappe-bench/env/lib/python3.12/site-packages/redis/connection.py", line 700, in <lambda>
    lambda: self._connect(), lambda error: self.disconnect(error)
            ^^^^^^^^^^^^^^^
  File "/Users/eumoitinho/Work/Interno/Ninetwo-CRM/frappe-bench/env/lib/python3.12/site-packages/redis/connection.py", line 1002, in _connect
    raise err
  File "/Users/eumoitinho/Work/Interno/Ninetwo-CRM/frappe-bench/env/lib/python3.12/site-packages/redis/connection.py", line 990, in _connect
    sock.connect(socket_address)
ConnectionRefusedError: [Errno 61] Connection refused

During handling of the above exception, another exception occurred:

Traceback (most recent call last):
  File "/Users/eumoitinho/Work/Interno/Ninetwo-CRM/frappe-bench/apps/frappe/frappe/utils/scheduler.py", line 102, in enqueue_events_for_site
    enqueue_events(site=site)
  File "/Users/eumoitinho/Work/Interno/Ninetwo-CRM/frappe-bench/apps/frappe/frappe/utils/scheduler.py", line 122, in enqueue_events
    if job_type.enqueue():
       ^^^^^^^^^^^^^^^^^^
  File "/Users/eumoitinho/Work/Interno/Ninetwo-CRM/frappe-bench/apps/frappe/frappe/core/doctype/scheduled_job_type/scheduled_job_type.py", line 74, in enqueue
    if not self.is_job_in_queue():
           ^^^^^^^^^^^^^^^^^^^^^^
  File "/Users/eumoitinho/Work/Interno/Ninetwo-CRM/frappe-bench/apps/frappe/frappe/core/doctype/scheduled_job_type/scheduled_job_type.py", line 95, in is_job_in_queue
    return is_job_enqueued(self.rq_job_id)
           ^^^^^^^^^^^^^^^^^^^^^^^^^^^^^^^
  File "/Users/eumoitinho/Work/Interno/Ninetwo-CRM/frappe-bench/apps/frappe/frappe/utils/background_jobs.py", line 568, in is_job_enqueued
    return get_job_status(job_id) in (JobStatus.QUEUED, JobStatus.STARTED)
           ^^^^^^^^^^^^^^^^^^^^^^
  File "/Users/eumoitinho/Work/Interno/Ninetwo-CRM/frappe-bench/apps/frappe/frappe/utils/background_jobs.py", line 573, in get_job_status
    job = get_job(job_id)
          ^^^^^^^^^^^^^^^
  File "/Users/eumoitinho/Work/Interno/Ninetwo-CRM/frappe-bench/apps/frappe/frappe/utils/background_jobs.py", line 580, in get_job
    return Job.fetch(create_job_id(job_id), connection=get_redis_conn())
           ^^^^^^^^^^^^^^^^^^^^^^^^^^^^^^^^^^^^^^^^^^^^^^^^^^^^^^^^^^^^^
  File "/Users/eumoitinho/Work/Interno/Ninetwo-CRM/frappe-bench/env/lib/python3.12/site-packages/rq/job.py", line 591, in fetch
    job.refresh()
  File "/Users/eumoitinho/Work/Interno/Ninetwo-CRM/frappe-bench/env/lib/python3.12/site-packages/rq/job.py", line 989, in refresh
    data = self.connection.hgetall(self.key)
           ^^^^^^^^^^^^^^^^^^^^^^^^^^^^^^^^^
  File "/Users/eumoitinho/Work/Interno/Ninetwo-CRM/frappe-bench/env/lib/python3.12/site-packages/redis/commands/core.py", line 4887, in hgetall
    return self.execute_command("HGETALL", name)
           ^^^^^^^^^^^^^^^^^^^^^^^^^^^^^^^^^^^^^
  File "/Users/eumoitinho/Work/Interno/Ninetwo-CRM/frappe-bench/env/lib/python3.12/site-packages/redis/client.py", line 1266, in execute_command
    conn = self.connection or pool.get_connection(command_name, **options)
                              ^^^^^^^^^^^^^^^^^^^^^^^^^^^^^^^^^^^^^^^^^^^^
  File "/Users/eumoitinho/Work/Interno/Ninetwo-CRM/frappe-bench/env/lib/python3.12/site-packages/redis/connection.py", line 1457, in get_connection
    connection.connect()
  File "/Users/eumoitinho/Work/Interno/Ninetwo-CRM/frappe-bench/env/lib/python3.12/site-packages/redis/connection.py", line 705, in connect
    raise ConnectionError(self._error_message(e))
redis.exceptions.ConnectionError: Error 61 connecting to 127.0.0.1:11000. Connection refused.
2025-11-14 21:31:56,695 ERROR scheduler Exception in Enqueue Events for Site crm.localhost
Traceback (most recent call last):
  File "/Users/eumoitinho/Work/Interno/Ninetwo-CRM/frappe-bench/env/lib/python3.12/site-packages/redis/connection.py", line 699, in connect
    sock = self.retry.call_with_retry(
           ^^^^^^^^^^^^^^^^^^^^^^^^^^^
  File "/Users/eumoitinho/Work/Interno/Ninetwo-CRM/frappe-bench/env/lib/python3.12/site-packages/redis/retry.py", line 46, in call_with_retry
    return do()
           ^^^^
  File "/Users/eumoitinho/Work/Interno/Ninetwo-CRM/frappe-bench/env/lib/python3.12/site-packages/redis/connection.py", line 700, in <lambda>
    lambda: self._connect(), lambda error: self.disconnect(error)
            ^^^^^^^^^^^^^^^
  File "/Users/eumoitinho/Work/Interno/Ninetwo-CRM/frappe-bench/env/lib/python3.12/site-packages/redis/connection.py", line 1002, in _connect
    raise err
  File "/Users/eumoitinho/Work/Interno/Ninetwo-CRM/frappe-bench/env/lib/python3.12/site-packages/redis/connection.py", line 990, in _connect
    sock.connect(socket_address)
ConnectionRefusedError: [Errno 61] Connection refused

During handling of the above exception, another exception occurred:

Traceback (most recent call last):
  File "/Users/eumoitinho/Work/Interno/Ninetwo-CRM/frappe-bench/apps/frappe/frappe/utils/scheduler.py", line 102, in enqueue_events_for_site
    enqueue_events(site=site)
  File "/Users/eumoitinho/Work/Interno/Ninetwo-CRM/frappe-bench/apps/frappe/frappe/utils/scheduler.py", line 122, in enqueue_events
    if job_type.enqueue():
       ^^^^^^^^^^^^^^^^^^
  File "/Users/eumoitinho/Work/Interno/Ninetwo-CRM/frappe-bench/apps/frappe/frappe/core/doctype/scheduled_job_type/scheduled_job_type.py", line 74, in enqueue
    if not self.is_job_in_queue():
           ^^^^^^^^^^^^^^^^^^^^^^
  File "/Users/eumoitinho/Work/Interno/Ninetwo-CRM/frappe-bench/apps/frappe/frappe/core/doctype/scheduled_job_type/scheduled_job_type.py", line 95, in is_job_in_queue
    return is_job_enqueued(self.rq_job_id)
           ^^^^^^^^^^^^^^^^^^^^^^^^^^^^^^^
  File "/Users/eumoitinho/Work/Interno/Ninetwo-CRM/frappe-bench/apps/frappe/frappe/utils/background_jobs.py", line 568, in is_job_enqueued
    return get_job_status(job_id) in (JobStatus.QUEUED, JobStatus.STARTED)
           ^^^^^^^^^^^^^^^^^^^^^^
  File "/Users/eumoitinho/Work/Interno/Ninetwo-CRM/frappe-bench/apps/frappe/frappe/utils/background_jobs.py", line 573, in get_job_status
    job = get_job(job_id)
          ^^^^^^^^^^^^^^^
  File "/Users/eumoitinho/Work/Interno/Ninetwo-CRM/frappe-bench/apps/frappe/frappe/utils/background_jobs.py", line 580, in get_job
    return Job.fetch(create_job_id(job_id), connection=get_redis_conn())
           ^^^^^^^^^^^^^^^^^^^^^^^^^^^^^^^^^^^^^^^^^^^^^^^^^^^^^^^^^^^^^
  File "/Users/eumoitinho/Work/Interno/Ninetwo-CRM/frappe-bench/env/lib/python3.12/site-packages/rq/job.py", line 591, in fetch
    job.refresh()
  File "/Users/eumoitinho/Work/Interno/Ninetwo-CRM/frappe-bench/env/lib/python3.12/site-packages/rq/job.py", line 989, in refresh
    data = self.connection.hgetall(self.key)
           ^^^^^^^^^^^^^^^^^^^^^^^^^^^^^^^^^
  File "/Users/eumoitinho/Work/Interno/Ninetwo-CRM/frappe-bench/env/lib/python3.12/site-packages/redis/commands/core.py", line 4887, in hgetall
    return self.execute_command("HGETALL", name)
           ^^^^^^^^^^^^^^^^^^^^^^^^^^^^^^^^^^^^^
  File "/Users/eumoitinho/Work/Interno/Ninetwo-CRM/frappe-bench/env/lib/python3.12/site-packages/redis/client.py", line 1266, in execute_command
    conn = self.connection or pool.get_connection(command_name, **options)
                              ^^^^^^^^^^^^^^^^^^^^^^^^^^^^^^^^^^^^^^^^^^^^
  File "/Users/eumoitinho/Work/Interno/Ninetwo-CRM/frappe-bench/env/lib/python3.12/site-packages/redis/connection.py", line 1457, in get_connection
    connection.connect()
  File "/Users/eumoitinho/Work/Interno/Ninetwo-CRM/frappe-bench/env/lib/python3.12/site-packages/redis/connection.py", line 705, in connect
    raise ConnectionError(self._error_message(e))
redis.exceptions.ConnectionError: Error 61 connecting to 127.0.0.1:11000. Connection refused.
2025-11-14 21:32:56,875 ERROR scheduler Exception in Enqueue Events for Site crm.localhost
Traceback (most recent call last):
  File "/Users/eumoitinho/Work/Interno/Ninetwo-CRM/frappe-bench/env/lib/python3.12/site-packages/redis/connection.py", line 699, in connect
    sock = self.retry.call_with_retry(
           ^^^^^^^^^^^^^^^^^^^^^^^^^^^
  File "/Users/eumoitinho/Work/Interno/Ninetwo-CRM/frappe-bench/env/lib/python3.12/site-packages/redis/retry.py", line 46, in call_with_retry
    return do()
           ^^^^
  File "/Users/eumoitinho/Work/Interno/Ninetwo-CRM/frappe-bench/env/lib/python3.12/site-packages/redis/connection.py", line 700, in <lambda>
    lambda: self._connect(), lambda error: self.disconnect(error)
            ^^^^^^^^^^^^^^^
  File "/Users/eumoitinho/Work/Interno/Ninetwo-CRM/frappe-bench/env/lib/python3.12/site-packages/redis/connection.py", line 1002, in _connect
    raise err
  File "/Users/eumoitinho/Work/Interno/Ninetwo-CRM/frappe-bench/env/lib/python3.12/site-packages/redis/connection.py", line 990, in _connect
    sock.connect(socket_address)
ConnectionRefusedError: [Errno 61] Connection refused

During handling of the above exception, another exception occurred:

Traceback (most recent call last):
  File "/Users/eumoitinho/Work/Interno/Ninetwo-CRM/frappe-bench/apps/frappe/frappe/utils/scheduler.py", line 102, in enqueue_events_for_site
    enqueue_events(site=site)
  File "/Users/eumoitinho/Work/Interno/Ninetwo-CRM/frappe-bench/apps/frappe/frappe/utils/scheduler.py", line 122, in enqueue_events
    if job_type.enqueue():
       ^^^^^^^^^^^^^^^^^^
  File "/Users/eumoitinho/Work/Interno/Ninetwo-CRM/frappe-bench/apps/frappe/frappe/core/doctype/scheduled_job_type/scheduled_job_type.py", line 74, in enqueue
    if not self.is_job_in_queue():
           ^^^^^^^^^^^^^^^^^^^^^^
  File "/Users/eumoitinho/Work/Interno/Ninetwo-CRM/frappe-bench/apps/frappe/frappe/core/doctype/scheduled_job_type/scheduled_job_type.py", line 95, in is_job_in_queue
    return is_job_enqueued(self.rq_job_id)
           ^^^^^^^^^^^^^^^^^^^^^^^^^^^^^^^
  File "/Users/eumoitinho/Work/Interno/Ninetwo-CRM/frappe-bench/apps/frappe/frappe/utils/background_jobs.py", line 568, in is_job_enqueued
    return get_job_status(job_id) in (JobStatus.QUEUED, JobStatus.STARTED)
           ^^^^^^^^^^^^^^^^^^^^^^
  File "/Users/eumoitinho/Work/Interno/Ninetwo-CRM/frappe-bench/apps/frappe/frappe/utils/background_jobs.py", line 573, in get_job_status
    job = get_job(job_id)
          ^^^^^^^^^^^^^^^
  File "/Users/eumoitinho/Work/Interno/Ninetwo-CRM/frappe-bench/apps/frappe/frappe/utils/background_jobs.py", line 580, in get_job
    return Job.fetch(create_job_id(job_id), connection=get_redis_conn())
           ^^^^^^^^^^^^^^^^^^^^^^^^^^^^^^^^^^^^^^^^^^^^^^^^^^^^^^^^^^^^^
  File "/Users/eumoitinho/Work/Interno/Ninetwo-CRM/frappe-bench/env/lib/python3.12/site-packages/rq/job.py", line 591, in fetch
    job.refresh()
  File "/Users/eumoitinho/Work/Interno/Ninetwo-CRM/frappe-bench/env/lib/python3.12/site-packages/rq/job.py", line 989, in refresh
    data = self.connection.hgetall(self.key)
           ^^^^^^^^^^^^^^^^^^^^^^^^^^^^^^^^^
  File "/Users/eumoitinho/Work/Interno/Ninetwo-CRM/frappe-bench/env/lib/python3.12/site-packages/redis/commands/core.py", line 4887, in hgetall
    return self.execute_command("HGETALL", name)
           ^^^^^^^^^^^^^^^^^^^^^^^^^^^^^^^^^^^^^
  File "/Users/eumoitinho/Work/Interno/Ninetwo-CRM/frappe-bench/env/lib/python3.12/site-packages/redis/client.py", line 1266, in execute_command
    conn = self.connection or pool.get_connection(command_name, **options)
                              ^^^^^^^^^^^^^^^^^^^^^^^^^^^^^^^^^^^^^^^^^^^^
  File "/Users/eumoitinho/Work/Interno/Ninetwo-CRM/frappe-bench/env/lib/python3.12/site-packages/redis/connection.py", line 1457, in get_connection
    connection.connect()
  File "/Users/eumoitinho/Work/Interno/Ninetwo-CRM/frappe-bench/env/lib/python3.12/site-packages/redis/connection.py", line 705, in connect
    raise ConnectionError(self._error_message(e))
redis.exceptions.ConnectionError: Error 61 connecting to 127.0.0.1:11000. Connection refused.
2025-11-14 21:33:57,108 ERROR scheduler Exception in Enqueue Events for Site crm.localhost
Traceback (most recent call last):
  File "/Users/eumoitinho/Work/Interno/Ninetwo-CRM/frappe-bench/env/lib/python3.12/site-packages/redis/connection.py", line 699, in connect
    sock = self.retry.call_with_retry(
           ^^^^^^^^^^^^^^^^^^^^^^^^^^^
  File "/Users/eumoitinho/Work/Interno/Ninetwo-CRM/frappe-bench/env/lib/python3.12/site-packages/redis/retry.py", line 46, in call_with_retry
    return do()
           ^^^^
  File "/Users/eumoitinho/Work/Interno/Ninetwo-CRM/frappe-bench/env/lib/python3.12/site-packages/redis/connection.py", line 700, in <lambda>
    lambda: self._connect(), lambda error: self.disconnect(error)
            ^^^^^^^^^^^^^^^
  File "/Users/eumoitinho/Work/Interno/Ninetwo-CRM/frappe-bench/env/lib/python3.12/site-packages/redis/connection.py", line 1002, in _connect
    raise err
  File "/Users/eumoitinho/Work/Interno/Ninetwo-CRM/frappe-bench/env/lib/python3.12/site-packages/redis/connection.py", line 990, in _connect
    sock.connect(socket_address)
ConnectionRefusedError: [Errno 61] Connection refused

During handling of the above exception, another exception occurred:

Traceback (most recent call last):
  File "/Users/eumoitinho/Work/Interno/Ninetwo-CRM/frappe-bench/apps/frappe/frappe/utils/scheduler.py", line 102, in enqueue_events_for_site
    enqueue_events(site=site)
  File "/Users/eumoitinho/Work/Interno/Ninetwo-CRM/frappe-bench/apps/frappe/frappe/utils/scheduler.py", line 122, in enqueue_events
    if job_type.enqueue():
       ^^^^^^^^^^^^^^^^^^
  File "/Users/eumoitinho/Work/Interno/Ninetwo-CRM/frappe-bench/apps/frappe/frappe/core/doctype/scheduled_job_type/scheduled_job_type.py", line 74, in enqueue
    if not self.is_job_in_queue():
           ^^^^^^^^^^^^^^^^^^^^^^
  File "/Users/eumoitinho/Work/Interno/Ninetwo-CRM/frappe-bench/apps/frappe/frappe/core/doctype/scheduled_job_type/scheduled_job_type.py", line 95, in is_job_in_queue
    return is_job_enqueued(self.rq_job_id)
           ^^^^^^^^^^^^^^^^^^^^^^^^^^^^^^^
  File "/Users/eumoitinho/Work/Interno/Ninetwo-CRM/frappe-bench/apps/frappe/frappe/utils/background_jobs.py", line 568, in is_job_enqueued
    return get_job_status(job_id) in (JobStatus.QUEUED, JobStatus.STARTED)
           ^^^^^^^^^^^^^^^^^^^^^^
  File "/Users/eumoitinho/Work/Interno/Ninetwo-CRM/frappe-bench/apps/frappe/frappe/utils/background_jobs.py", line 573, in get_job_status
    job = get_job(job_id)
          ^^^^^^^^^^^^^^^
  File "/Users/eumoitinho/Work/Interno/Ninetwo-CRM/frappe-bench/apps/frappe/frappe/utils/background_jobs.py", line 580, in get_job
    return Job.fetch(create_job_id(job_id), connection=get_redis_conn())
           ^^^^^^^^^^^^^^^^^^^^^^^^^^^^^^^^^^^^^^^^^^^^^^^^^^^^^^^^^^^^^
  File "/Users/eumoitinho/Work/Interno/Ninetwo-CRM/frappe-bench/env/lib/python3.12/site-packages/rq/job.py", line 591, in fetch
    job.refresh()
  File "/Users/eumoitinho/Work/Interno/Ninetwo-CRM/frappe-bench/env/lib/python3.12/site-packages/rq/job.py", line 989, in refresh
    data = self.connection.hgetall(self.key)
           ^^^^^^^^^^^^^^^^^^^^^^^^^^^^^^^^^
  File "/Users/eumoitinho/Work/Interno/Ninetwo-CRM/frappe-bench/env/lib/python3.12/site-packages/redis/commands/core.py", line 4887, in hgetall
    return self.execute_command("HGETALL", name)
           ^^^^^^^^^^^^^^^^^^^^^^^^^^^^^^^^^^^^^
  File "/Users/eumoitinho/Work/Interno/Ninetwo-CRM/frappe-bench/env/lib/python3.12/site-packages/redis/client.py", line 1266, in execute_command
    conn = self.connection or pool.get_connection(command_name, **options)
                              ^^^^^^^^^^^^^^^^^^^^^^^^^^^^^^^^^^^^^^^^^^^^
  File "/Users/eumoitinho/Work/Interno/Ninetwo-CRM/frappe-bench/env/lib/python3.12/site-packages/redis/connection.py", line 1457, in get_connection
    connection.connect()
  File "/Users/eumoitinho/Work/Interno/Ninetwo-CRM/frappe-bench/env/lib/python3.12/site-packages/redis/connection.py", line 705, in connect
    raise ConnectionError(self._error_message(e))
redis.exceptions.ConnectionError: Error 61 connecting to 127.0.0.1:11000. Connection refused.
