2025-11-02 05:31:41,994 DEBUG cd frappe-bench && python3 -m venv env
2025-11-02 05:31:42,927 DEBUG cd frappe-bench && /Users/eumoitinho/Work/Interno/Ninetwo-CRM/frappe-bench/env/bin/python -m pip install --quiet --upgrade pip
2025-11-02 05:31:43,227 DEBUG cd frappe-bench && /Users/eumoitinho/Work/Interno/Ninetwo-CRM/frappe-bench/env/bin/python -m pip install --quiet wheel
2025-11-02 05:31:43,994 LOG Getting frappe
2025-11-02 05:31:43,994 DEBUG cd frappe-bench/apps && git clone https://github.com/frappe/frappe.git --branch version-15 --depth 1 --origin upstream
2025-11-02 05:31:59,257 LOG Installing frappe
2025-11-02 05:31:59,258 DEBUG cd /Users/eumoitinho/Work/Interno/Ninetwo-CRM/frappe-bench && /Users/eumoitinho/Work/Interno/Ninetwo-CRM/frappe-bench/env/bin/python -m pip install --quiet --upgrade -e /Users/eumoitinho/Work/Interno/Ninetwo-CRM/frappe-bench/apps/frappe 
2025-11-02 05:32:57,264 DEBUG cd /Users/eumoitinho/Work/Interno/Ninetwo-CRM/frappe-bench/apps/frappe && yarn install --check-files
2025-11-02 05:33:03,058 DEBUG cd frappe-bench && bench build
2025-11-02 05:33:03,173 INFO /Users/eumoitinho/.cache/uv/archive-v0/rgmJ176shK3ZMTbRHDuVZ/bin/bench build
2025-11-02 05:33:11,225 LOG setting up backups
2025-11-02 05:33:13,363 LOG backups were set up
2025-11-02 05:33:13,363 INFO Bench frappe-bench initialized
2025-11-02 05:35:34,018 INFO /Users/eumoitinho/.cache/uv/archive-v0/rgmJ176shK3ZMTbRHDuVZ/bin/bench --version
2025-11-02 05:35:42,026 INFO /Users/eumoitinho/.cache/uv/archive-v0/rgmJ176shK3ZMTbRHDuVZ/bin/bench version
2025-11-02 05:36:12,618 INFO /Users/eumoitinho/.cache/uv/archive-v0/rgmJ176shK3ZMTbRHDuVZ/bin/bench start
2025-11-02 05:38:48,359 INFO /Users/eumoitinho/.cache/uv/archive-v0/rgmJ176shK3ZMTbRHDuVZ/bin/bench start
2025-11-02 05:38:48,572 INFO /Users/eumoitinho/.cache/uv/archive-v0/rgmJ176shK3ZMTbRHDuVZ/bin/bench worker
2025-11-02 05:38:48,574 INFO /Users/eumoitinho/.cache/uv/archive-v0/rgmJ176shK3ZMTbRHDuVZ/bin/bench watch
2025-11-02 05:38:48,579 INFO /Users/eumoitinho/.cache/uv/archive-v0/rgmJ176shK3ZMTbRHDuVZ/bin/bench serve --port 8000
2025-11-02 05:38:48,584 INFO /Users/eumoitinho/.cache/uv/archive-v0/rgmJ176shK3ZMTbRHDuVZ/bin/bench schedule
2025-11-02 05:41:45,686 INFO /Users/eumoitinho/.cache/uv/archive-v0/rgmJ176shK3ZMTbRHDuVZ/bin/bench new-app library_management
2025-11-02 05:41:45,688 LOG creating new app library_management
2025-11-02 05:42:44,807 LOG Installing library_management
2025-11-02 05:42:44,808 DEBUG cd /Users/eumoitinho/Work/Interno/Ninetwo-CRM/frappe-bench && /Users/eumoitinho/Work/Interno/Ninetwo-CRM/frappe-bench/env/bin/python -m pip install --quiet --upgrade -e /Users/eumoitinho/Work/Interno/Ninetwo-CRM/frappe-bench/apps/library_management 
2025-11-02 05:42:45,546 DEBUG bench build --app library_management
2025-11-02 05:42:45,620 INFO /Users/eumoitinho/.cache/uv/archive-v0/rgmJ176shK3ZMTbRHDuVZ/bin/bench build --app library_management
2025-11-02 05:43:17,889 INFO /Users/eumoitinho/.cache/uv/archive-v0/rgmJ176shK3ZMTbRHDuVZ/bin/bench new-site library.localhost
2025-11-02 05:43:23,498 INFO /Users/eumoitinho/.cache/uv/archive-v0/rgmJ176shK3ZMTbRHDuVZ/bin/bench new-site library.localhost
2025-11-02 05:43:59,043 INFO /Users/eumoitinho/.cache/uv/archive-v0/rgmJ176shK3ZMTbRHDuVZ/bin/bench new-site library.localhost
2025-11-02 05:45:38,429 INFO /Users/eumoitinho/.cache/uv/archive-v0/rgmJ176shK3ZMTbRHDuVZ/bin/bench start
2025-11-02 05:45:38,643 INFO /Users/eumoitinho/.cache/uv/archive-v0/rgmJ176shK3ZMTbRHDuVZ/bin/bench worker
2025-11-02 05:45:38,643 INFO /Users/eumoitinho/.cache/uv/archive-v0/rgmJ176shK3ZMTbRHDuVZ/bin/bench watch
2025-11-02 05:45:38,644 INFO /Users/eumoitinho/.cache/uv/archive-v0/rgmJ176shK3ZMTbRHDuVZ/bin/bench schedule
2025-11-02 05:45:38,648 INFO /Users/eumoitinho/.cache/uv/archive-v0/rgmJ176shK3ZMTbRHDuVZ/bin/bench serve --port 8000
2025-11-02 05:49:39,732 INFO /Users/eumoitinho/.cache/uv/archive-v0/rgmJ176shK3ZMTbRHDuVZ/bin/bench --site library.localhost add-to-hosts
2025-11-02 05:50:34,856 INFO /Users/eumoitinho/.cache/uv/archive-v0/rgmJ176shK3ZMTbRHDuVZ/bin/bench --site library.localhost install-app library_management
2025-11-02 05:51:11,479 INFO /Users/eumoitinho/.cache/uv/archive-v0/rgmJ176shK3ZMTbRHDuVZ/bin/bench --site library.localhost list-apps
2025-11-02 06:01:56,588 INFO /Users/eumoitinho/.cache/uv/archive-v0/rgmJ176shK3ZMTbRHDuVZ/bin/bench --verbose --site all backup
2025-11-02 06:04:39,091 INFO /Users/eumoitinho/.cache/uv/archive-v0/rgmJ176shK3ZMTbRHDuVZ/bin/bench get-app insights
2025-11-02 06:04:39,418 LOG Getting insights
2025-11-02 06:04:39,419 DEBUG cd ./apps && git clone https://github.com/frappe/insights.git  --depth 1 --origin upstream
2025-11-02 06:04:43,425 LOG Installing insights
2025-11-02 06:04:43,426 DEBUG cd /Users/eumoitinho/Work/Interno/Ninetwo-CRM/frappe-bench && /Users/eumoitinho/Work/Interno/Ninetwo-CRM/frappe-bench/env/bin/python -m pip install --quiet --upgrade -e /Users/eumoitinho/Work/Interno/Ninetwo-CRM/frappe-bench/apps/insights 
2025-11-02 06:05:06,312 DEBUG cd /Users/eumoitinho/Work/Interno/Ninetwo-CRM/frappe-bench/apps/insights && yarn install --check-files
2025-11-02 06:05:41,303 DEBUG bench build --app insights
2025-11-02 06:05:41,433 INFO /Users/eumoitinho/.cache/uv/archive-v0/rgmJ176shK3ZMTbRHDuVZ/bin/bench build --app insights
2025-11-02 06:05:43,788 WARNING bench build --app insights executed with exit code 1
2025-11-02 06:05:43,788 WARNING /Users/eumoitinho/.cache/uv/archive-v0/rgmJ176shK3ZMTbRHDuVZ/bin/bench get-app insights executed with exit code 1
2025-11-02 06:05:44,101 INFO /Users/eumoitinho/.cache/uv/archive-v0/rgmJ176shK3ZMTbRHDuVZ/bin/bench new-site insights.localhost --install-app insights
2025-11-02 06:07:37,729 INFO /Users/eumoitinho/.cache/uv/archive-v0/rgmJ176shK3ZMTbRHDuVZ/bin/bench --site insights.localhost add-to-hosts
2025-11-02 06:07:43,084 INFO /Users/eumoitinho/.cache/uv/archive-v0/rgmJ176shK3ZMTbRHDuVZ/bin/bench --site insights.localhost browse --user Administrator
2025-11-02 06:07:57,567 INFO /Users/eumoitinho/.cache/uv/archive-v0/rgmJ176shK3ZMTbRHDuVZ/bin/bench start
2025-11-02 06:08:02,251 INFO /Users/eumoitinho/.cache/uv/archive-v0/rgmJ176shK3ZMTbRHDuVZ/bin/bench stop
2025-11-02 06:08:05,970 INFO /Users/eumoitinho/.cache/uv/archive-v0/rgmJ176shK3ZMTbRHDuVZ/bin/bench
2025-11-02 06:13:53,446 INFO /Users/eumoitinho/.cache/uv/archive-v0/rgmJ176shK3ZMTbRHDuVZ/bin/bench pip install -e apps/insights
2025-11-02 06:14:05,390 INFO /Users/eumoitinho/.cache/uv/archive-v0/rgmJ176shK3ZMTbRHDuVZ/bin/bench pip install -e apps/library_management
2025-11-02 06:14:37,144 INFO /Users/eumoitinho/.cache/uv/archive-v0/rgmJ176shK3ZMTbRHDuVZ/bin/bench start
2025-11-02 06:14:37,375 INFO /Users/eumoitinho/.cache/uv/archive-v0/rgmJ176shK3ZMTbRHDuVZ/bin/bench serve --port 8000
2025-11-02 06:14:37,378 INFO /Users/eumoitinho/.cache/uv/archive-v0/rgmJ176shK3ZMTbRHDuVZ/bin/bench worker
2025-11-02 06:14:37,383 INFO /Users/eumoitinho/.cache/uv/archive-v0/rgmJ176shK3ZMTbRHDuVZ/bin/bench watch
2025-11-02 06:14:37,395 INFO /Users/eumoitinho/.cache/uv/archive-v0/rgmJ176shK3ZMTbRHDuVZ/bin/bench schedule
2025-11-02 06:34:17,259 INFO /Users/eumoitinho/.cache/uv/archive-v0/rgmJ176shK3ZMTbRHDuVZ/bin/bench get-app crm
2025-11-02 06:34:17,809 LOG Getting crm
2025-11-02 06:34:17,809 DEBUG cd ./apps && git clone https://github.com/frappe/crm.git  --depth 1 --origin upstream
2025-11-02 06:34:20,246 LOG Installing crm
2025-11-02 06:34:20,246 DEBUG cd /Users/eumoitinho/Work/Interno/Ninetwo-CRM/frappe-bench && /Users/eumoitinho/Work/Interno/Ninetwo-CRM/frappe-bench/env/bin/python -m pip install --quiet --upgrade -e /Users/eumoitinho/Work/Interno/Ninetwo-CRM/frappe-bench/apps/crm 
2025-11-02 06:34:28,079 DEBUG cd /Users/eumoitinho/Work/Interno/Ninetwo-CRM/frappe-bench/apps/crm && yarn install --check-files
2025-11-02 06:34:44,464 DEBUG bench build --app crm
2025-11-02 06:34:44,570 INFO /Users/eumoitinho/.cache/uv/archive-v0/rgmJ176shK3ZMTbRHDuVZ/bin/bench build --app crm
2025-11-02 06:35:39,385 INFO /Users/eumoitinho/.cache/uv/archive-v0/rgmJ176shK3ZMTbRHDuVZ/bin/bench new-site crm.localhost --install-app crm
2025-11-02 06:36:23,353 INFO /Users/eumoitinho/.cache/uv/archive-v0/rgmJ176shK3ZMTbRHDuVZ/bin/bench browse crm.localhost --user Administrator
2025-11-02 07:02:46,827 INFO /Users/eumoitinho/.cache/uv/archive-v0/rgmJ176shK3ZMTbRHDuVZ/bin/bench pip install -e apps/crm
2025-11-02 07:03:09,126 INFO /Users/eumoitinho/.cache/uv/archive-v0/rgmJ176shK3ZMTbRHDuVZ/bin/bench start
2025-11-02 07:03:09,368 INFO /Users/eumoitinho/.cache/uv/archive-v0/rgmJ176shK3ZMTbRHDuVZ/bin/bench serve --port 8000
2025-11-02 07:03:09,368 INFO /Users/eumoitinho/.cache/uv/archive-v0/rgmJ176shK3ZMTbRHDuVZ/bin/bench worker
2025-11-02 07:03:09,370 INFO /Users/eumoitinho/.cache/uv/archive-v0/rgmJ176shK3ZMTbRHDuVZ/bin/bench schedule
2025-11-02 07:03:09,376 INFO /Users/eumoitinho/.cache/uv/archive-v0/rgmJ176shK3ZMTbRHDuVZ/bin/bench watch
2025-11-02 07:03:44,766 INFO /Users/eumoitinho/.cache/uv/archive-v0/rgmJ176shK3ZMTbRHDuVZ/bin/bench --site crm.localhost list-apps
2025-11-02 07:13:27,707 INFO /Users/eumoitinho/.cache/uv/archive-v0/rgmJ176shK3ZMTbRHDuVZ/bin/bench build --app crm
2025-11-02 07:14:07,372 INFO /Users/eumoitinho/.cache/uv/archive-v0/rgmJ176shK3ZMTbRHDuVZ/bin/bench start
2025-11-02 07:14:07,607 INFO /Users/eumoitinho/.cache/uv/archive-v0/rgmJ176shK3ZMTbRHDuVZ/bin/bench schedule
2025-11-02 07:14:07,615 INFO /Users/eumoitinho/.cache/uv/archive-v0/rgmJ176shK3ZMTbRHDuVZ/bin/bench worker
2025-11-02 07:14:07,616 INFO /Users/eumoitinho/.cache/uv/archive-v0/rgmJ176shK3ZMTbRHDuVZ/bin/bench serve --port 8000
2025-11-02 07:14:07,617 INFO /Users/eumoitinho/.cache/uv/archive-v0/rgmJ176shK3ZMTbRHDuVZ/bin/bench watch
2025-11-02 07:18:18,811 INFO /Users/eumoitinho/.cache/uv/archive-v0/rgmJ176shK3ZMTbRHDuVZ/bin/bench start
2025-11-02 07:18:19,025 INFO /Users/eumoitinho/.cache/uv/archive-v0/rgmJ176shK3ZMTbRHDuVZ/bin/bench schedule
2025-11-02 07:18:19,027 INFO /Users/eumoitinho/.cache/uv/archive-v0/rgmJ176shK3ZMTbRHDuVZ/bin/bench serve --port 8000
2025-11-02 07:18:19,035 INFO /Users/eumoitinho/.cache/uv/archive-v0/rgmJ176shK3ZMTbRHDuVZ/bin/bench watch
2025-11-02 07:18:19,036 INFO /Users/eumoitinho/.cache/uv/archive-v0/rgmJ176shK3ZMTbRHDuVZ/bin/bench worker
2025-11-02 07:41:17,351 INFO /Users/eumoitinho/.cache/uv/archive-v0/rgmJ176shK3ZMTbRHDuVZ/bin/bench --site crm.localhost list-apps
2025-11-02 07:41:17,996 INFO /Users/eumoitinho/.cache/uv/archive-v0/rgmJ176shK3ZMTbRHDuVZ/bin/bench --site insights.localhost list-apps
2025-11-02 07:41:18,516 INFO /Users/eumoitinho/.cache/uv/archive-v0/rgmJ176shK3ZMTbRHDuVZ/bin/bench --site library.localhost list-apps
2025-11-02 07:42:47,389 INFO /Users/eumoitinho/.cache/uv/archive-v0/rgmJ176shK3ZMTbRHDuVZ/bin/bench --site crm.localhost install-app insights
2025-11-02 07:42:57,070 INFO /Users/eumoitinho/.cache/uv/archive-v0/rgmJ176shK3ZMTbRHDuVZ/bin/bench --site crm.localhost list-apps
2025-11-02 07:43:01,637 INFO /Users/eumoitinho/.cache/uv/archive-v0/rgmJ176shK3ZMTbRHDuVZ/bin/bench --site insights.localhost list-apps
2025-11-02 07:46:38,592 INFO /Users/eumoitinho/.cache/uv/archive-v0/rgmJ176shK3ZMTbRHDuVZ/bin/bench --site crm.localhost console
2025-11-02 07:47:37,638 INFO /Users/eumoitinho/.cache/uv/archive-v0/rgmJ176shK3ZMTbRHDuVZ/bin/bench --site crm.localhost add-system-manager Administrator
2025-11-02 07:52:30,826 INFO /Users/eumoitinho/.cache/uv/archive-v0/rgmJ176shK3ZMTbRHDuVZ/bin/bench build --app insights
2025-11-02 07:53:04,457 INFO /Users/eumoitinho/.cache/uv/archive-v0/rgmJ176shK3ZMTbRHDuVZ/bin/bench --site crm.localhost list-users
2025-11-02 08:39:05,518 INFO /Users/eumoitinho/.cache/uv/archive-v0/rgmJ176shK3ZMTbRHDuVZ/bin/bench --site crm.localhost migrate
2025-11-02 08:44:29,263 INFO /Users/eumoitinho/.cache/uv/archive-v0/rgmJ176shK3ZMTbRHDuVZ/bin/bench --site crm.localhost new-doctype Google Ads --module Integrations
2025-11-02 08:46:34,506 INFO /Users/eumoitinho/.cache/uv/archive-v0/rgmJ176shK3ZMTbRHDuVZ/bin/bench --site crm.localhost migrate
2025-11-02 09:00:10,157 INFO /Users/eumoitinho/.cache/uv/archive-v0/rgmJ176shK3ZMTbRHDuVZ/bin/bench --site crm.localhost migrate
2025-11-02 09:04:00,538 INFO /Users/eumoitinho/.cache/uv/archive-v0/rgmJ176shK3ZMTbRHDuVZ/bin/bench --site crm.localhost migrate
2025-11-02 09:47:29,954 INFO /Users/eumoitinho/.cache/uv/archive-v0/rgmJ176shK3ZMTbRHDuVZ/bin/bench --site crm.localhost migrate
2025-11-02 12:00:00,554 INFO /Users/eumoitinho/.cache/uv/archive-v0/rgmJ176shK3ZMTbRHDuVZ/bin/bench --verbose --site all backup
2025-11-02 18:00:01,897 INFO /Users/eumoitinho/.cache/uv/archive-v0/rgmJ176shK3ZMTbRHDuVZ/bin/bench --verbose --site all backup
2025-11-03 06:01:08,466 INFO /Users/eumoitinho/.cache/uv/archive-v0/rgmJ176shK3ZMTbRHDuVZ/bin/bench --verbose --site all backup
2025-11-03 12:00:01,491 INFO /Users/eumoitinho/.cache/uv/archive-v0/rgmJ176shK3ZMTbRHDuVZ/bin/bench --verbose --site all backup
2025-11-03 18:00:01,963 INFO /Users/eumoitinho/.cache/uv/archive-v0/rgmJ176shK3ZMTbRHDuVZ/bin/bench --verbose --site all backup
2025-11-04 00:00:01,865 INFO /Users/eumoitinho/.cache/uv/archive-v0/rgmJ176shK3ZMTbRHDuVZ/bin/bench --verbose --site all backup
2025-11-04 06:00:01,234 INFO /Users/eumoitinho/.cache/uv/archive-v0/rgmJ176shK3ZMTbRHDuVZ/bin/bench --verbose --site all backup
2025-11-04 12:00:01,369 INFO /Users/eumoitinho/.cache/uv/archive-v0/rgmJ176shK3ZMTbRHDuVZ/bin/bench --verbose --site all backup
2025-11-05 00:00:01,689 INFO /Users/eumoitinho/.cache/uv/archive-v0/rgmJ176shK3ZMTbRHDuVZ/bin/bench --verbose --site all backup
2025-11-05 06:00:01,247 INFO /Users/eumoitinho/.cache/uv/archive-v0/rgmJ176shK3ZMTbRHDuVZ/bin/bench --verbose --site all backup
2025-11-05 18:00:00,665 INFO /Users/eumoitinho/.cache/uv/archive-v0/rgmJ176shK3ZMTbRHDuVZ/bin/bench --verbose --site all backup
2025-11-06 00:00:01,067 INFO /Users/eumoitinho/.cache/uv/archive-v0/rgmJ176shK3ZMTbRHDuVZ/bin/bench --verbose --site all backup
2025-11-06 12:00:01,453 INFO /Users/eumoitinho/.cache/uv/archive-v0/rgmJ176shK3ZMTbRHDuVZ/bin/bench --verbose --site all backup
2025-11-06 18:00:01,945 INFO /Users/eumoitinho/.cache/uv/archive-v0/rgmJ176shK3ZMTbRHDuVZ/bin/bench --verbose --site all backup
2025-11-07 00:00:01,260 INFO /Users/eumoitinho/.cache/uv/archive-v0/rgmJ176shK3ZMTbRHDuVZ/bin/bench --verbose --site all backup
