2025-11-02 07:42:50,706 WARNING database DDL Query made to DB:
create table `tabInsights Alert` (
			name varchar(140) primary key,
			creation datetime(6),
			modified datetime(6),
			modified_by varchar(140),
			owner varchar(140),
			docstatus int(1) not null default '0',
			idx int(8) not null default '0',
			`disabled` int(1) not null default 0,
`title` varchar(140),
`channel` varchar(140) default 'Email',
`query` varchar(140),
`frequency` varchar(140) default 'Hourly',
`cron_format` varchar(140),
`last_execution` datetime(6),
`telegram_chat_id` varchar(140),
`recipients` text,
`condition` longtext,
`custom_condition` int(1) not null default 0,
`message` longtext,
`_user_tags` text,
`_comments` text,
`_assign` text,
`_liked_by` text,
index modified(modified))
			ENGINE=InnoDB
			ROW_FORMAT=DYNAMIC
			CHARACTER SET=utf8mb4
			COLLATE=utf8mb4_unicode_ci
2025-11-02 07:42:50,858 WARNING database DDL Query made to DB:
create sequence if not exists insights_user_invitation_id_seq nocache nocycle
2025-11-02 07:42:50,880 WARNING database DDL Query made to DB:
create table `tabInsights User Invitation` (
			name bigint primary key,
			creation datetime(6),
			modified datetime(6),
			modified_by varchar(140),
			owner varchar(140),
			docstatus int(1) not null default '0',
			idx int(8) not null default '0',
			`email` varchar(140),
`key` varchar(140),
`invited_by` varchar(140),
`status` varchar(140),
`email_sent_at` datetime(6),
`accepted_at` datetime(6),
`_user_tags` text,
`_comments` text,
`_assign` text,
`_liked_by` text,
index modified(modified))
			ENGINE=InnoDB
			ROW_FORMAT=DYNAMIC
			CHARACTER SET=utf8mb4
			COLLATE=utf8mb4_unicode_ci
2025-11-02 07:42:50,936 WARNING database DDL Query made to DB:
create table `tabInsights Chart` (
			name varchar(140) primary key,
			creation datetime(6),
			modified datetime(6),
			modified_by varchar(140),
			owner varchar(140),
			docstatus int(1) not null default '0',
			idx int(8) not null default '0',
			`query` varchar(140),
`chart_type` varchar(140),
`options` json default '{}',
`is_public` int(1) not null default 0,
`public_key` varchar(140),
`_user_tags` text,
`_comments` text,
`_assign` text,
`_liked_by` text,
index modified(modified))
			ENGINE=InnoDB
			ROW_FORMAT=DYNAMIC
			CHARACTER SET=utf8mb4
			COLLATE=utf8mb4_unicode_ci
2025-11-02 08:39:05,863 WARNING database DDL Query made to DB:
alter table `tabDocType` add column if not exists migration_hash varchar(140)
2025-11-02 08:46:34,982 WARNING database DDL Query made to DB:
alter table `tabDocType` add column if not exists migration_hash varchar(140)
2025-11-02 08:46:35,323 WARNING database DDL Query made to DB:
create table `tabGoogle Analytics` (
			name varchar(140) primary key,
			creation datetime(6),
			modified datetime(6),
			modified_by varchar(140),
			owner varchar(140),
			docstatus int(1) not null default '0',
			idx int(8) not null default '0',
			`enable` int(1) not null default 1,
`property_name` varchar(140) unique,
`user` varchar(140),
`property_id` varchar(140),
`measurement_id` varchar(140),
`refresh_token` text,
`authorization_code` text,
`access_token` text,
`token_expiry` datetime(6),
`_user_tags` text,
`_comments` text,
`_assign` text,
`_liked_by` text,
index modified(modified))
			ENGINE=InnoDB
			ROW_FORMAT=DYNAMIC
			CHARACTER SET=utf8mb4
			COLLATE=utf8mb4_unicode_ci
2025-11-02 08:46:35,632 WARNING database DDL Query made to DB:
create table `tabGoogle Ads` (
			name varchar(140) primary key,
			creation datetime(6),
			modified datetime(6),
			modified_by varchar(140),
			owner varchar(140),
			docstatus int(1) not null default '0',
			idx int(8) not null default '0',
			`enable` int(1) not null default 1,
`account_name` varchar(140) unique,
`user` varchar(140),
`account_type` varchar(140) default 'Consumer Account',
`customer_id` varchar(140),
`login_customer_id` varchar(140),
`refresh_token` text,
`authorization_code` text,
`access_token` text,
`token_expiry` datetime(6),
`_user_tags` text,
`_comments` text,
`_assign` text,
`_liked_by` text,
index modified(modified))
			ENGINE=InnoDB
			ROW_FORMAT=DYNAMIC
			CHARACTER SET=utf8mb4
			COLLATE=utf8mb4_unicode_ci
2025-11-02 09:00:10,639 WARNING database DDL Query made to DB:
alter table `tabDocType` add column if not exists migration_hash varchar(140)
2025-11-02 09:00:10,973 WARNING database DDL Query made to DB:
ALTER TABLE `tabGoogle Analytics` ADD COLUMN `organization` varchar(140), ADD COLUMN `auto_sync` int(1) not null default 1, ADD COLUMN `sync_frequency` varchar(140) default 'Daily', ADD COLUMN `last_sync` datetime(6)
2025-11-02 09:00:11,369 WARNING database DDL Query made to DB:
ALTER TABLE `tabGoogle Ads` ADD COLUMN `organization` varchar(140), ADD COLUMN `auto_sync` int(1) not null default 1, ADD COLUMN `sync_frequency` varchar(140) default 'Daily', ADD COLUMN `last_sync` datetime(6)
2025-11-02 09:04:01,031 WARNING database DDL Query made to DB:
alter table `tabDocType` add column if not exists migration_hash varchar(140)
2025-11-02 09:47:30,442 WARNING database DDL Query made to DB:
alter table `tabDocType` add column if not exists migration_hash varchar(140)
